# callgrind format
version: 1
creator: callgrind-3.26.0
pid: 11339
cmd:  /tmp/avx2_opt_bench/bin_add
part: 1


desc: I1 cache: 
desc: D1 cache: 
desc: LL cache: 

desc: Timerange: Basic block 0 - 2574382
desc: Trigger: Program termination

positions: line
events: Ir
summary: 27754247


ob=(1) /usr/lib/x86_64-linux-gnu/ld-linux-x86-64.so.2
fl=(27) ./elf/./elf/dl-minimal-malloc.c
fn=(76) __minimal_malloc
36 24
+1 72
+11 69
+3 23
-3 23
+3 46
-3 2
+3 1
-3 1
+3 90
+5 8
+1 4
-21 2
+24 6
-24 6
+24 2
-24 2
+23 2
+1 4
-24 2
+24 2
cfi=(60) ./misc/../sysdeps/unix/sysv/linux/mmap64.c
cfn=(192) mmap
calls=2 -13 
* 52
+2 4
+2 10
cfi=(61) ./misc/../sysdeps/unix/sysv/linux/setvmaname.c
cfn=(194) __set_vma_name
calls=2 -4 
* 51
+1 8
+2 2
+4 2
-1 2
-3 2
+4 2
+2 10
-3 22
+1 22
+2 22
-30 1
-1 1
+1 1
+1 2
-2 2

fn=(72) __minimal_calloc
80 8
+4 8
-4 32
+7 8
+1 24
fi=(28) ./elf/../include/rtld-malloc.h
-32 8
cfi=(27)
cfn=(76)
calls=8 -20 
* 256
fe=(27)

fn=(144) __minimal_free
97 1
+2 4

fl=(48) ./elf/../elf/dl-tls.c
fn=(466) _dl_tls_initial_modid_limit_setup
1138 1
+1 1
+3 4
+6 2
-6 3
+2 6
+1 4
+6 1
+1 1

fn=(242) _dl_assign_tls_modid
161 1
+16 1
-13 1
-3 3
+3 1
+55 1
-2 1
+5 1
+1 2

fn=(464) _dl_add_to_slotinfo
1177 1
+1 5
-1 4
+9 1
+3 1
+1 1
+4 3
+36 2
+3 2
+1 3
+5 1
-3 1
+4 2

fn=(266) _dl_tls_static_surplus_init
133 2
+3 1
-3 3
+3 1
-3 1
+3 1
-3 2
+3 1
cfi=(11) ./elf/./elf/dl-tunables.c
cfn=(28) __tunable_get_val
calls=1 435 
* 17
* 1
+1 4
cfi=(11)
cfn=(28)
calls=1 435 
* 17
+1 1
+2 1
-3 1
+1 2
+2 3
+3 1
+2 1
-26 3
+28 3
+1 6

fn=(468) _dl_allocate_tls_init
612 10
+1 2
+4 1
+9 2
-3 2
cfi=(24) ./elf/../sysdeps/nptl/dl-tls_init_tp.c
cfn=(84) rtld_mutex_dummy
calls=1 43 
* 3
+3 3
+12 3
+70 2
cfi=(24)
cfn=(84)
calls=1 43 
* 3
+3 1
+3 9
-52 1
-42 1
-1 1
+43 2
-19 11
+26 2
+1 4
+2 2
+1 2
+9 1
+10 2
+2 6
cfi=(29) ./string/../sysdeps/x86_64/multiarch/memmove-vec-unaligned-erms.S
cfn=(128) mempcpy
calls=1 197 
* 21
* 5
cfi=(45) ./string/../sysdeps/x86_64/multiarch/../multiarch/memset-vec-unaligned-erms.S
cfn=(132) memset
calls=1 137 
* 25
-51 1
+55 1
+4 2
-59 4
+6 4
+3 3
+1 2
+6 3
+3 1
-2 1
+6 1
-6 1
+2 2
+4 1
-4 3
+3 2
+41 2

fn=(268) _dl_determine_tlsoffset
251 7
+35 1
-35 1
+37 3
-34 1
-1 1
-1 2
+63 3
+3 1
-3 5
+5 1
+7 1
-7 4
+3 1
-34 1
-1 2
+1 3
-1 6
+3 12
+4 1
-1 1
+5 1
-5 1
+1 1
-1 1
+3 2
+2 3
fi=(76) ./elf/../sysdeps/unix/sysv/linux/dl-extra_tls.h
32 3
+12 1
-12 1
cfi=(11)
cfn=(28)
calls=1 435 
* 18
+1 3
+4 10
+14 4
cfi=(11)
cfn=(28)
calls=1 435 
* 18
+1 3
fe=(48)
350 6
455 1
-94 1
+2 1
-2 2
+3 7
+2 2
+90 7
fi=(76)
54 1
fe=(48)
344 3
+6 3

fn=(148) _dl_count_modids
228 1
+2 2
+1 1
+15 2

fn=(272) _dl_allocate_tls_storage
517 7
fi=(77) ./elf/./dl-tls_block_align.h
23 1
fe=(48)
+74 1
523 2
fi=(28)
56 1
cfi=(27)
cfn=(76)
calls=1 -20 
* 83
fe=(48)
525 2
fi=(77)
41 2
+6 4
+5 1
fi=(28)
-8 1
fi=(77)
+3 1
+1 1
+4 304
fe=(48)
535 1
-70 1
+5 1
fi=(28)
44 1
cfi=(27)
cfn=(72)
calls=1 +36 
* 29
fe=(48)
471 2
-2 1
+11 1
-11 1
+11 1
+60 2
-23 1
103 1
545 6

fl=(60)
fn=(192)
47 12
+3 24
-3 72
+6 24
+5 72
+2 48
-7 29

fl=(34) ./string/../sysdeps/x86_64/multiarch/../multiarch/strcmp-sse2.S
fn=(98) strcmp
98 169
+33 169
+1 169
+2 169
+1 169
+21 169
+1 169
+1 62
+1 62
+1 44
+1 44
+1 44
+1 44
+17 44
+1 44
+1 44
+1 44
+1 44
+1 44
+1 44
+5 14
+1 42
+9 14
+1 14
+1 14
+1 14
+1 14
+1 14
+1 14
+1 14
-7 125
+1 125
+1 125
+1 125
+1 125
+1 125
+1 125
+1 125
+1 79
+1 43
+1 43
+1 43
+2 43
+1 43
+1 43
+1 43
+1 43
+1 43
-5 36
+1 36
+1 36
+1 36
+1 36
+1 36
+10 60
+1 60
+1 60
+2 60
+6 60
+1 60
+1 60
+1 60
+1 60
+5 60
+2 59
+1 59
+1 118
+8 59
+1 59
+3 59
+1 59
+1 59
+1 59
+1 59
+1 59
542 1
+1 1
+1 1
+1 1
+1 1
+2 1
+1 1
+1 1
+1 1
+1 1
+1 1
+1 1
+1 1
+4 1
+1 1
+1 1
+6 1
+1 1
+1 2
+4 1
+1 1
+3 1
+1 1
+1 1
+2 1
+1 1
+1 1
+4 1
+1 1
+1 1
+1 1
+1 1
+1 1
+69 4
+1 4
+1 4
+1 4
+1 4
+2 4
+1 4
+1 4
+1 4
+1 4
+1 4
+1 4
+1 4
+4 4
+1 4
+1 4
+6 4
+1 4
+1 8
+4 4
+1 4
+3 4
+1 4
+1 4
+2 4
+1 4
+1 4
+4 4
+1 4
+1 4
+1 4
+1 4
+1 4
+69 2
+1 2
+1 2
+1 2
+1 2
+2 2
+1 2
+1 2
+1 2
+1 2
+1 2
+1 2
+1 1
+4 1
+1 1
+1 1
+6 1
+1 1
+1 2
+4 1
+1 1
+3 1
+1 1
+1 1
+2 1
+1 1
+1 1
+4 1
+1 1
+1 1
+1 1
+1 1
+1 1
+7 1
+1 1
+2 1
+1 1
+2 1
+1 1
+1 1
+2 1
+1 1
+1 1
+4 1
+1 1
+1 1
+1 1
+1 1
+1 1
+41 4
+1 4
+1 4
+1 4
+1 4
+2 4
+1 4
+1 4
+1 4
+1 4
+1 4
+1 4
+1 4
+4 4
+1 4
+1 4
+6 4
+1 4
+1 8
+4 4
+1 4
+3 4
+1 4
+1 4
+2 4
+1 4
+1 4
+4 4
+1 4
+1 4
+1 4
+1 4
+1 4
+69 8
+1 8
+1 8
+1 8
+1 8
+2 8
+1 8
+1 8
+1 8
+1 8
+1 8
+1 8
+1 2
+4 2
+1 2
+1 2
+6 2
+1 2
+1 4
+4 2
+1 2
+3 2
+1 2
+1 2
+2 2
+1 2
+1 2
+4 2
+1 2
+1 2
+1 2
+1 2
+1 2
+7 1
+1 1
+2 1
+1 1
+2 1
+1 1
+1 1
+2 1
+1 1
+1 1
+4 1
+1 1
+1 1
+1 1
+1 1
+1 1
+41 4
+1 4
+1 4
+1 4
+1 4
+2 4
+1 4
+1 4
+1 4
+1 4
+1 4
+1 4
+1 2
+4 2
+1 2
+1 2
+6 2
+1 2
+1 4
+4 2
+1 2
+3 2
+1 2
+1 2
+2 2
+1 2
+1 2
+4 2
+1 2
+1 2
+1 2
+1 2
+1 2
+7 1
+1 1
+2 1
+1 1
+2 1
+1 1
+1 1
+2 1
+1 1
+1 1
+4 1
+1 1
+1 1
+1 1
+1 1
+1 1
+41 26
+1 26
+1 26
+1 26
+1 26
+2 26
+1 26
+1 26
+1 26
+1 26
+1 26
+1 26
+1 25
+4 25
+1 25
+1 25
+6 25
+1 25
+1 50
+4 25
+1 25
+3 25
+1 25
+1 25
+2 25
+1 25
+1 25
+4 25
+1 25
+1 25
+1 25
+1 25
+1 25
+69 3
+1 3
+1 3
+1 3
+1 3
+2 3
+1 3
+1 3
+1 3
+1 3
+1 3
+1 3
1494 10
+1 10
+1 10
+1 10
+1 10
+2 10
+1 10
+1 10
+1 10
+1 10
+1 10
+1 10
+1 5
+4 5
+1 5
+1 5
+6 5
+1 5
+1 10
+4 5
+1 5
+3 5
+1 5
+1 5
+2 5
+1 5
+1 5
+4 5
+1 5
+1 5
+1 5
+1 5
+1 5
+7 1
+1 1
+2 1
+1 1
+2 1
+1 1
+1 1
+2 1
+1 1
+1 1
+4 1
+1 1
+1 1
+1 1
+1 1
+1 1
+41 3
+1 3
+1 3
+1 3
+1 3
+2 3
+1 3
+1 3
+1 3
+1 3
+1 3
+1 3
1732 2
+1 2
+1 2
+1 2
+1 2
+2 2
+1 2
+1 2
+1 2
+1 2
+1 2
+1 2
+1 2
+4 2
+1 2
+1 2
+6 2
+1 2
+1 4
+4 2
+1 2
+3 2
+1 2
+1 2
+2 2
+1 2
+1 2
+4 2
+1 2
+1 2
+1 2
+1 2
+1 2
+69 9
+1 9
+1 9
+1 9
+1 9
+2 9
+1 9
+1 9
+1 9
+1 9
+1 9
+1 9
+1 2
+4 2
+1 2
+1 2
+6 2
+1 2
+1 4
+4 2
+1 2
+3 2
+1 2
+1 2
+2 2
+1 2
+1 2
+4 2
+1 2
+1 2
+1 2
+1 2
+1 2
+69 3
+1 3
+1 3
+1 3
+1 3
+2 3
+1 3
+1 3
+1 3
+1 3
+1 3
+1 3
+2 3
+4 3
+1 3
+1 3
+6 3
+1 3
+2 6
+4 3
+1 3
+3 3
+1 3
+1 3
+2 3
+1 3
+1 3
+4 3
+1 3
+1 3
+1 3
+1 3
+1 3
+71 110
+2 110
+1 110
+1 110
+1 110
-3 29
+1 29
+1 29
+1 29
+1 86
+5 43
+6 43
+1 43
+8 43
+1 43
-16 126
+6 126
+1 126
+8 126
+1 126

fn=(260) strncmp
98 1
+27 1
+1 1
+1 1
+1 1
+1 1
+2 1
+1 1
+2 1
+1 1
+21 1
+1 1
+44 1
+1 1
+1 1
+1 1
+1 1
+1 1
+1 1
+1 1
+1 1
+1 1
+1 1
+1 1
+2 1
+1 1
+1 1
+1 1
+1 1
+1 1
1613 1
+1 1
+1 1
+1 1
+1 1
+2 1
+1 1
+1 1
+1 1
+1 1
+1 1
+1 1
2095 1
+1 1
+1 1
+1 1
+1 2
+5 1
+3 1
+1 1
+2 1
+1 1
+8 1
+1 1

fl=(47) ./elf/./elf/dl-debug.c
fn=(212) _dl_debug_update
94 3
-17 3
-1 6
+20 6
+4 3

fn=(146) _dl_debug_initialize
120 1
-44 2
+46 2
+5 3
+1 1
+26 1
-26 1
+29 2
-37 1
+49 2
-9 2
+2 3

fn=(490) _dl_debug_post_relocate
46 2
+6 3
-6 2
+6 5
-1 1
+1 1
cfi=(82) ./elf/./elf/dl-lookup.c
cfn=(294) _dl_lookup_symbol_x
calls=1 767 
* 554
+2 2
-2 1
+2 3
+2 7
+1 3
+13 2

fn=(152) _dl_debug_change_state
104 2
+3 2
-2 2
+2 4
+4 2
cfi=(50) ./elf/./elf/dl-debug_state.c
cfn=(154) _dl_debug_state
calls=2 -83 
* 4
-4 6

fl=(2) ./elf/./elf/rtld.c
fn=(2) _dl_start
519 10
84 1
fi=(6) ./elf/../sysdeps/x86_64/dl-machine.h
-29 1
fe=(2)
549 1
-4 1
fi=(6)
55 1
fe=(2)
+29 3
548 2
fi=(3) ./elf/./get-dynamic-info.h
45 4
+23 20
-23 72
+4 36
+3 5
-1 10
+3 20
+1 16
+1 5
fi=(4) ./elf/../sysdeps/generic/ldsodefs.h
+23 1
fi=(3)
+31 1
-38 3
+12 4
+1 3
+1 4
+1 4
+1 5
+1 3
+1 4
+1 4
+12 7
+7 2
+13 3
+6 3
+1 3
+3 2
+1 3
+5 5
+3 5
fe=(2)
565 140
fi=(3)
59 4
fe=(2)
565 12
fi=(4)
79 1
fe=(2)
565 1
fi=(4)
79 2
fe=(2)
565 27
fi=(5) ./elf/./elf/do-rel.h
49 1
+4 1
-4 1
-1 1
+1 1
+4 4
+3 2
fe=(2)
565 1
fi=(5)
49 1
+4 1
-4 1
-1 1
+1 1
+4 4
+3 2
-6 8
+11 5
+2 1
fi=(6)
273 3
fi=(5)
63 1
+2 1
-1 2
fi=(6)
282 10
+4 2
+26 4
fi=(5)
61 3
fe=(2)
565 8
fi=(5)
51 1
fi=(4)
+28 2
fe=(2)
567 1
454 1
cfi=(7) ./elf/./elf/dl-minimal.c
cfn=(12) __rtld_malloc_init_stubs
calls=1 42 
* 10
+4 5
84 1
476 1
84 3
476 1
cfi=(8) ./elf/./elf/dl-setup_hash.c
cfn=(14) _dl_setup_hash
calls=1 25 
* 27
+1 1
+4 1
+9 1
-13 1
+19 1
-17 1
+2 1
+15 2
cfi=(9) ./elf/../sysdeps/unix/sysv/linux/dl-sysdep.c
cfn=(16) _dl_sysdep_start
calls=1 102 
* 116833
* 1
+2 2
+87 9
fi=(3)
62 4
+2 4
+39 3
fe=(2)

fn=(168) map_doit
641 2
+2 1
-2 4
+2 1
+1 2
-1 2
+1 3
cfi=(31) ./elf/./elf/dl-load.c
cfn=(170) _dl_map_object
calls=1 2213 
* 2664
* 1
+2 3

fn=(64) dl_main
1356 2
196 1
1356 11
198 1
301 1
+1 1
196 1
+99 3
1368 1
cfi=(24)
cfn=(66) __tls_pre_init_tp
calls=1 54 
* 17
2745 1
2513 1
2745 3
2584 1
+2 1
+15 2
-13 2
cfi=(25) ./elf/./elf/dl-environ.c
cfn=(68) _dl_next_ld_env_entry
calls=1 28 
* 39
* 4
cfi=(25)
cfn=(68)
calls=2 28 
* 115
* 9
+4 6
-2 2
+2 8
+1 2
-1 6
+1 17
-1 89
+9 12
2712 2
+10 3
1378 1
+1 2
-1 2
+1 2
2673 3
-47 2
+10 2
1646 8
cfi=(26) ./elf/./elf/dl-object.c
cfn=(70) _dl_new_object
calls=1 59 
* 197
* 1
+2 2
+1 3
+6 1
-5 2
+1 3
+4 1
cfi=(26)
cfn=(82) _dl_add_to_namespace_list
calls=1 31 
* 33
+1 2
1095 1
-1 1
1361 1
1122 1
-21 2
+21 1
-19 1
+1 1
+18 1
-21 1
+21 2
+1 1
-1 1
-25 1
+22 1
+4 115
+33 8
-1 4
+1 16
-1 4
+2 8
+1 1
+2 12
+1 6
+1 2
+3 2
+1 2
-1 6
+1 6
+1 4
+4 8
-49 31
+88 22
+6 4
cfi=(31)
cfn=(88) _dl_process_pt_gnu_property
calls=1 842 
* 87
-7 28
+1 14
+6 14
-6 28
fi=(32) ./elf/../sysdeps/x86/dl-prop.h
149 6
fe=(2)
1127 1
-5 1
+5 2
-5 2
+21 1
-21 1
+21 1
+2 1
-3 1
+5 1
-2 1
-23 2
+10 2
-10 1
+10 1
+1 9
-11 2
+1 14
+80 1
-81 1
+81 2
-81 3
fi=(30) ./elf/../include/stackinfo.h
62 2
fe=(2)
1122 1
fi=(30)
62 6
fe=(2)
1122 4
1222 4
+3 3
+2 2
1679 1
cfi=(33) ./elf/./elf/dl-execstack-tunable.c
cfn=(94) _dl_handle_execstack_tunable
calls=1 24 
* 33
fi=(4)
96 3
+3 4
+1 1
fe=(2)
1685 3
+1 4
cfi=(34)
cfn=(98)
calls=1 98 
* 45
* 2
+13 2
+2 2
fi=(3)
39 4
+6 1
-2 1
+2 2
+23 23
-23 92
+4 46
+3 4
-1 8
+3 16
+1 12
+17 4
+38 4
+5 2
+7 3
+1 4
+6 3
+18 4
+15 4
+22 3
fi=(4)
-88 4
fe=(2)
1714 2
cfi=(8)
cfn=(14)
calls=1 25 
* 27
+3 2
fi=(35) ./elf/./setup-vdso.h
24 2
fi=(38) ./elf/./dl-main.h
+85 2
fi=(37) ./elf/../sysdeps/unix/sysv/linux/dl-vdso-setup.h
-55 1
fi=(38)
+55 3
cfi=(31)
cfn=(110) _dl_init_paths
calls=1 680 
* 2207
fe=(2)
1742 3
cfi=(47)
cfn=(146)
calls=1 120 
* 21
+7 1
-5 1
-2 1
+7 1
+4 1
+1 1
+2 1
-3 3
+1 2
+3 1
1252 1
1755 1
1252 1
+1 2
+5 1
-3 2
+2 1
+11 1
-10 1
+3 1
+7 3
+4 1
-5 1
+5 3
-3 7
-1 14
+2 22
+2 4
+1 8
-1 8
+2 8
+5 4
-10 4
+10 8
-11 10
+18 1
+1 2
-1 2
223 1
fi=(4)
79 1
fe=(2)
224 1
-1 1
+1 1
fi=(4)
79 1
fe=(2)
224 3
1771 2
+4 1
1362 1
1776 2
+24 1
cfi=(48)
cfn=(148)
calls=1 228 
* 6
* 1
fi=(49) ./elf/../sysdeps/generic/dl-debug.h
29 4
+1 1
fe=(2)
1806 3
cfi=(47)
cfn=(152)
calls=1 104 
* 11
+1 1
+4 3
cfi=(51) ./elf/./elf/dl-audit.c
cfn=(156) _dl_audit_activity_map
calls=1 29 
* 5
+5 3
+2 1
+2 2
+9 2
+16 3
cfi=(66) ./io/../sysdeps/unix/sysv/linux/access.c
cfn=(216) access
calls=1 25 
* 9
* 2
+76 4
+16 3
84 1
1947 1
84 2
1947 1
84 1
1947 7
cfi=(67) ./elf/./elf/dl-deps.c
cfn=(218) _dl_map_object_deps
calls=1 143 
* 7340
91 1
1957 2
-4 1
+16 1
91 2
+9 2
1953 7
+1 1
-1 1
+1 1
-1 2
+1 3
-1 3
+1 3
-1 6
+4 1
+1 2
+1 1
+2 14
+1 9
+7 2
+1 1
-1 1
+1 2
+2 1
+2 2
+16 4
+1 2
+1 3
+10 1
+2 1
-1 3
+1 3
-1 1
+1 1
cfi=(53) ./elf/./elf/dl-catch.c
cfn=(252) _dl_receive_error
calls=1 190 
* 4770
+10 1
+1 2
+3 2
820 1
fi=(201) ./elf/../sysdeps/unix/sysv/linux/dl-osinfo.h
39 2
fe=(2)
822 1
fi=(201)
52 1
fe=(2)
831 1
+2 1
+5 1
2023 3
2222 2
+4 1
-4 1
+10 1
-6 1
+6 1
+3 2
+8 2
fi=(32)
36 2
+1 4
+16 8
-13 3
+9 6
-9 1
+9 16
+4 12
-16 8
+34 2
fe=(2)
2247 1
fi=(32)
71 1
cfi=(80) ./elf/../sysdeps/x86_64/dl-cet.c
cfn=(282) _dl_cet_check
calls=1 361 
* 45
fe=(2)
2247 2
+3 1
+5 2
84 1
2260 1
-1 2
84 3
2259 5
cfi=(81) ./elf/./elf/dl-reloc.c
cfn=(284) _dl_relocate_object
calls=1 343 
* 71047
91 3
+9 2
-16 2
2268 1
84 2
2268 1
+1 18
+2 8
+5 8
+2 8
+6 4
+2 32
cfi=(81)
cfn=(284)
calls=4 343 
* 5155
+4 10
+1 2
-22 1
+22 1
cfi=(48)
cfn=(464)
calls=1 1177 
* 27
-22 4
91 3
+1 2
2298 1
cfi=(48)
cfn=(466)
calls=1 1138 
* 23
+6 2
+4 4
+2 1
+7 4
cfi=(48)
cfn=(468)
calls=1 612 
* 161
+3 2
+4 3
+3 1
cfi=(145) ./elf/./elf/dl-find_object.c
cfn=(470) _dl_find_object_init
calls=1 578 
* 1520
+5 2
84 1
2336 4
84 3
2336 2
cfi=(81)
cfn=(286) _dl_relocate_object_no_relro
calls=1 207 
* 257
91 3
+9 2
2339 1
cfi=(147) ./elf/../sysdeps/nptl/dl-mutex.c
cfn=(480) __rtld_mutex_init
calls=1 30 
* 523
+1 2
cfi=(7)
cfn=(484) __rtld_malloc_init_real
calls=1 76 
* 2462
+3 2
cfi=(47)
cfn=(490)
calls=1 46 
* 586
+4 2
cfi=(81)
cfn=(492) _dl_protect_relro
calls=1 352 
* 35
+5 3
cfi=(150) ./elf/./elf/dl-call-libc-early-init.c
cfn=(494) _dl_call_libc_early_init
calls=1 27 
* 1514
+7 1
cfi=(9)
cfn=(516) _dl_sysdep_start_cleanup
calls=1 147 
* 2
+4 2
cfi=(47)
cfn=(212)
calls=1 94 
* 7
+1 2
-1 1
+1 1
cfi=(47)
cfn=(152)
calls=1 104 
* 11
+1 1
+3 3
cfi=(51)
cfn=(518) _dl_audit_activity_nsid
calls=1 41 
* 10
+4 1
cfi=(70) ./elf/./elf/dl-cache.c
cfn=(520) _dl_unload_cache
calls=1 508 
* 19
+5 8
225 2
-2 2
+2 2
2280 1
+1 1
-3 2
1762 1
1289 3
1762 1
fi=(3)
56 5
+3 4
fe=(2)
1976 1
-4 1
+4 2
+14 3
fi=(36) ./elf/../sysdeps/unix/sysv/linux/dl-vdso.h
40 2
+1 5
fi=(37)
-11 1
+3 1
+3 1
+3 1
+6 1
fi=(36)
+10 2
fe=(2)
1689 1
+1 1
+1 1
+2 2
+1 3
+58 4
2673 2
+2 1
+1 1
-1 1
+1 1
+1 1
2016 2
cfn=(262) init_tls
calls=1 734 
* 861
* 2
fi=(3)
62 4
+2 4
fe=(2)
2636 2
+2 2
+1 1
1925 10
84 1
1824 2
84 3
1824 2
cfn=(158) handle_preload_list
calls=1 852 
* 3127
* 1
91 3
+9 3
1925 6
+1 1
-1 1
+4 3
+1 1
+1 2
+1 2
-7 2

fn=(158)
852 11
+5 3
-58 2
+54 3
-54 4
-2 1
+2 3
+71 1
182 1
872 2
182 2
874 2
-14 3
cfi=(52) ./string/../string/strcspn.c
cfn=(160) strcspn
calls=1 32 
* 252
* 1
+1 3
+2 4
cfi=(29)
cfn=(80) memcpy
calls=1 210 
* 19
+1 2
-71 1
+6 4
-2 1
+2 1
-10 1
+6 1
-2 1
+6 1
cfi=(53)
cfn=(162) _dl_catch_error
calls=1 258 
* 2779
+1 3
+8 3
+67 1
-18 2
+21 9

fn=(262)
734 1
+6 1
-6 3
+2 2
+4 1
fi=(28)
44 1
fe=(2)
751 1
fi=(28)
44 1
fe=(2)
746 1
+4 1
fi=(28)
44 1
cfi=(27)
cfn=(72)
calls=1 +36 
* 29
fe=(2)
759 1
-10 1
-3 1
+10 1
+3 1
cfi=(48)
cfn=(266)
calls=1 133 
* 73
+3 1
cfi=(48)
cfn=(268)
calls=1 251 
* 162
+7 1
cfi=(48)
cfn=(272)
calls=1 517 
* 460
* 1
+1 2
+6 1
fi=(78) ./elf/../sysdeps/generic/dl-call_tls_init_tp.h
31 2
fe=(2)
776 1
fi=(78)
31 6
+2 1
cfi=(24)
cfn=(278) __tls_init_tp
calls=1 +36 
* 96
fe=(2)
783 1
-3 1
+3 4

fn=(254) version_check_doit
674 2
+2 1
-2 4
+2 3
cfi=(75) ./elf/./elf/dl-version.c
cfn=(256) _dl_check_all_versions
calls=1 399 
* 4734
* 2
+4 3

fl=(53)
fn=(252)
190 2
58 1
190 3
+2 1
58 1
+1 1
+11 1
196 1
+2 2
cfi=(2)
cfn=(254)
calls=1 674 
* 4749
69 2
+1 1
201 1
+1 4

fn=(162)
258 6
+2 1
-2 1
+2 1
-2 2
+2 1
-2 1
+2 1
cfn=(164) _dl_catch_exception
calls=1 -52 
* 2751
* 1
+1 2
+1 1
+1 1
-1 1
+3 1
-2 1
+2 6

fn=(164)
208 18
58 3
208 6
+3 6
+21 15
58 6
239 9
cfi=(54) ./setjmp/../sysdeps/x86_64/setjmp.S
cfn=(166) __sigsetjmp
calls=3 31 
* 72
* 9
+2 9
cfi=(67)
cfn=(222) openaux
calls=2 61 
* 5694
cfi=(2)
cfn=(168)
calls=1 641 
* 2683
69 3
+1 3
-1 3
+1 3
243 12
-25 3
+34 9
59 6
+11 9

fl=(44) ./string/../sysdeps/x86_64/multiarch/../multiarch/memcmp-sse2.S
fn=(126) bcmp
59 1
+12 1
+1 1
+22 1
+1 1
+45 1
+1 1
+2 1
+1 1
+2 1
+1 1
+2 1
+1 1
+47 1
+1 1
+1 1
+1 1
+1 1
+1 1

fl=(33)
fn=(94)
24 2
+1 2
-1 2
+1 2
cfi=(11)
cfn=(28)
calls=1 435 
* 18
* 5
+14 2

fl=(8)
fn=(14)
25 4
+3 12
+3 12
+1 8
+2 4
-1 4
+3 12
+1 4
+1 8
+2 4
-2 4
+3 8
+4 8
-2 4
+2 8
+5 4

fl=(66)
fn=(216)
25 1
+2 7
+4 1

fl=(13) ./elf/./elf/dl-sort-maps.c
fn=(26) _dl_sort_maps_init
289 2
+1 2
-1 2
+1 2
cfi=(11)
cfn=(28)
calls=1 435 
* 18
+2 3
-1 1
+2 2

fn=(250) dfs_traversal.part.0
135 40
+10 8
-2 8
+2 16
+2 20
-7 10
+7 35
-7 10
+16 16
+15 24
+1 8
+1 16
-17 12

fn=(248) _dl_sort_maps
298 24
+8 2
-8 2
+8 4
-95 2
-28 2
-2 2
+1 2
+29 2
-28 8
+1 2
-1 2
+1 2
-1 4
+1 6
-1 6
+1 6
-1 12
+28 28
+8 10
-3 8
+2 8
+3 26
+2 8
-83 40
cfn=(250)
calls=8 -5 
* 223
+86 32
+18 14
+19 6
cfi=(29)
cfn=(80)
calls=2 -53 
* 22
+13 8
+7 2
+27 16

fl=(25)
fn=(68)
28 3
+1 3
+3 29
+13 19
-13 38
+2 42
+1 12
+5 2
-3 2
+3 2
+2 2

fl=(51)
fn=(662) _dl_audit_objclose
97 4
+1 16

fn=(214) _dl_audit_objopen
77 2
+1 8

fn=(156)
29 1
+2 4

fn=(580) _dl_audit_preinit
118 1
+1 4

fn=(518)
41 3
+4 6
+1 3
-1 3
+2 15

fl=(22) ./string/../sysdeps/x86_64/multiarch/../multiarch/strlen-sse2.S
fn=(60) strlen
57 15
+44 15
+1 15
+1 15
+1 15
+1 15
+1 15
+1 15
+2 15
+2 15
+31 15
+1 15
+1 15
+1 15
+1 15
+1 9
+2 9
+4 6
+1 6
+1 6
+1 6
+1 6
+1 6
+1 6
+1 6
+1 6
+1 6
+1 6
+1 6
+5 48

fl=(29)
fn=(80)
210 16
+1 16
+6 16
+1 16
+2 10
+1 10
+1 10
+2 5
+1 5
+1 5
+2 5
+80 6
+1 6
+2 1
+4 1
+1 1
+1 1
+1 1
+1 1
+4 1
+2 1
+39 5
+1 5
+1 5
+1 5
+1 5
+7 5
+1 5
+1 5
+1 5
+1 5
+1 5
+1 5
+11 5
+1 5
+2 5
+1 5
+1 5

fn=(128)
197 13
+1 13
+1 13
+1 13
+17 13
+1 13
+2 5
+1 5
+1 5
+2 2
+1 2
+1 2
+2 2
+80 8
+1 8
+2 1
+4 1
+1 1
+1 1
+8 1
+39 7
+1 7
+1 7
+1 7
+1 7
+7 3
+1 3
+1 3
+1 3
+1 3
+1 3
+1 3
+11 3
+1 3
+2 3
+1 3
+1 3

fl=(23) ./elf/../misc/sbrk.c
fn=(62) sbrk
37 5
+3 1
+18 2
+4 2
+16 3

fl=(42) ./elf/./elf/dl-hwcaps_split.c
fn=(120) _dl_hwcaps_split_masked
51 110
-25 33
+36 5
-7 5
+7 35
-26 24
+5 27
cfi=(43) ./string/../sysdeps/x86_64/multiarch/../multiarch/strchr-sse2.S
cfn=(122) index
calls=9 -9 
* 216
+1 18
+3 18
+11 6
+1 18
+1 12
-13 6
+11 3
+1 9
+1 6
-28 24
+4 54
+1 12
-1 30
+24 6
+9 12
-5 6
-2 6
+2 42
-19 6
cfi=(22)
cfn=(60)
calls=3 +14 
* 51
* 3

fn=(124) _dl_hwcaps_split
25 2
+1 3
+1 1
+20 1

fl=(50)
fn=(154)
28 2
+1 2

fl=(177) ./elf/./elf/dl-runtime.c
fn=(600) _dl_fixup
46 21
+9 3
-9 6
fi=(202) ./elf/../sysdeps/x86_64/dl-runtime.h
-18 3
fe=(177)
+18 3
+2 24
+1 6
+5 3
+1 9
+1 3
+2 3
-2 18
+7 6
+4 6
+4 3
-22 3
+20 3
+2 6
+4 9
+1 12
-7 12
+16 3
-1 3
+1 6
+10 27
cfi=(82)
cfn=(294)
calls=3 767 
* 1755
+4 9
-4 3
+4 6
+10 30
+15 12
+9 9
+26 9
fi=(6)
+64 3
fe=(177)
-60 24
-40 1
fi=(203) ./elf/../sysdeps/x86_64/dl-irel.h
-91 1
cob=(2) /usr/lib/x86_64-linux-gnu/libc.so.6
cfi=(107) ./debug/../sysdeps/x86_64/multiarch/memset_chk.c
cfn=(356) __memset_chk
calls=1 -3 
* 23
fe=(177)
+93 3

fl=(57) ./io/../sysdeps/unix/sysv/linux/read_nocancel.c
fn=(184) __read_nocancel
25 2
+1 8
+1 2

fl=(1) ???
fn=(0) 0x0000000000023340
0 2
cfi=(2)
cfn=(2)
calls=1 519 
0 117453
0 8
cfi=(80)
cfn=(528) _dl_cet_setup_features
calls=1 331 
0 4
0 10
cfi=(161) ./elf/./elf/dl-init.c
cfn=(532) _dl_init
calls=1 81 
0 420
0 3
cob=(5) /tmp/avx2_opt_bench/bin_add
cfi=(168) ???
cfn=(560) (below main)
calls=1 0 
0 27636347

fl=(52)
fn=(160)
32 5
+1 3
+1 2
+5 6
+1 4
+1 4
+1 4
+2 1
+3 3
+1 2
-1 6
+1 4
+3 4
+1 4
+1 4
+1 4
+2 3
+6 1
-1 1
+1 1
+2 2
-1 2
+2 1
+2 6
-5 12
-1 12
+1 12
+2 24
-1 24
+2 12
+2 72
+2 1
+1 4
+1 2

fl=(26)
fn=(82)
31 15
+2 3
-2 6
+2 3
cfi=(24)
cfn=(84)
calls=3 +10 
* 9
+2 19
+3 20
+2 2
+2 2
+4 2
+1 2
+3 2
-4 2
+1 2
+1 2
+3 2
-3 2
+3 4
-1 2
cfi=(24)
cfn=(84)
calls=2 -7 
* 6
-4 1
+1 1
+3 1
-4 1
+1 1
+1 1
+3 1
-3 1
+3 2
-1 1
cfi=(24)
cfn=(84)
calls=1 -7 
* 3
-5 2

fn=(70)
59 45
+3 6
+18 2
+3 4
cfi=(22)
cfn=(60)
calls=2 -26 
* 52
+4 2
-4 2
+4 2
+5 2
-9 6
fi=(28)
-39 4
cfi=(27)
cfn=(72)
calls=2 +36 
* 164
fe=(26)
+39 1
fi=(28)
-39 2
cfi=(27)
cfn=(72)
calls=1 +36 
* 35
* 3
fe=(26)
+51 6
+4 3
-1 3
+6 3
-5 3
+5 3
-5 3
+4 3
+1 3
-1 3
+1 6
cfi=(29)
cfn=(80)
calls=3 210 
* 44
* 3
+15 3
-15 3
+2 3
+13 6
+6 1
+2 7
+3 2
-3 14
+3 4
+6 3
-4 3
+4 3
+3 10
+2 12
-2 8
+2 8
-2 16
+16 6
-5 3
-1 6
+6 9
+2 4
+3 4
-3 4
+7 8
+4 6
+8 1
+13 1
-10 2
+10 5
-10 4
+10 6
+2 2
cfi=(22)
cfn=(60)
calls=2 57 
* 70
+21 2
-21 6
+17 2
-13 6
+50 6
cfi=(29)
cfn=(128)
calls=2 -48 
* 42
* 2
+5 4
+1 4
-1 80
+1 80
+4 4
+1 2
+3 2
+4 27
131 6
-8 2
-4 4
+34 1
+7 4
+8 8
fi=(28)
56 4
cfi=(27)
cfn=(76)
calls=2 -20 
* 36
* 2
fe=(26)
200 4
-1 4
64 2
+2 3
+1 6
+10 1
-6 2

fl=(24)
fn=(278)
69 2
fi=(204) ./elf/../include/list.h
-25 1
fe=(24)
+25 2
fi=(204)
-26 1
fe=(24)
+27 1
+3 1
fi=(204)
-30 1
fe=(24)
+33 1
fi=(204)
-32 1
+1 1
+2 1
fe=(24)
+29 3
+13 1
+6 1
-18 2
+12 1
-11 1
+11 1
-10 1
+5 2
+11 1
-3 1
-3 1
+6 1
+16 4
cfi=(11)
cfn=(28)
calls=1 435 
* 18
fi=(79) ./elf/../sysdeps/unix/sysv/linux/rseq-internal.h
-11 1
-7 1
+7 2
+24 1
fe=(24)
-11 1
+6 2
+1 2
fi=(79)
-12 2
-15 2
+15 2
+4 1
-19 1
+19 3
cfi=(45)
cfn=(132)
calls=1 +25 
* 13
+4 1
+2 2
-6 1
+6 1
-2 1
+2 2
+1 2
fe=(24)

fn=(84)
43 8
+2 16

fn=(66)
54 4
+3 9
+5 2
+1 1
+2 1

fl=(56) ./io/../sysdeps/unix/sysv/linux/open64_nocancel.c
fn=(182) __open_nocancel
28 12
+3 6
-3 18
+3 36
+8 42
+2 6
-2 9
+2 6

fl=(68) ./io/../sysdeps/unix/sysv/linux/stat64.c
fn=(226) stat
28 6
+1 12
cfi=(69) ./io/../sysdeps/unix/sysv/linux/fstatat64.c
cfn=(228) fstatat
calls=3 146 
* 28

fl=(176) ./elf/../sysdeps/x86_64/dl-trampoline.h
fn=(598) _dl_runtime_resolve_xsave
39 3
+5 3
+3 3
+2 3
+10 3
+6 3
+1 3
+1 3
+1 3
+1 3
+1 3
+1 3
+4 3
+1 3
+3 3
+1 3
+2 3
+1 3
+1 3
+1 3
+1 3
+1 3
+2 3
+7 3
+1 3
+1 3
cfi=(177)
cfn=(600)
calls=3 -52 
* 2089
+1 3
+5 3
+1 3
+1 3
+2 3
+1 3
+1 3
+1 3
+1 3
+1 3
+1 3
+2 3
+2 3
+4 3
+2 3

fl=(72) ./io/../sysdeps/unix/sysv/linux/pread64_nocancel.c
fn=(238) __pread64_nocancel
25 4
+1 8
+1 2

fl=(65) ./io/../sysdeps/unix/sysv/linux/close_nocancel.c
fn=(206) __GI___close_nocancel
25 3
+1 12
+1 3

fl=(16) ./elf/../sysdeps/x86/cpu-features.c
fn=(42) update_active.constprop.0
90 7
+4 1
+28 1
+9 1
-18 1
-10 1
-1 1
+25 1
-23 1
-1 1
-1 2
+19 1
-18 1
+24 1
+8 1
-31 1
+23 1
+3 1
-18 1
+9 1
+9 2
-18 1
+15 1
+3 2
+4 1
-13 1
+13 2
-22 1
+22 2
+5 1
-18 1
+18 1
-4 1
+4 3
+1 1
+2 1
+5 1
-7 2
+1 1
+1 1
-1 2
+5 1
+2 1
-2 4
+1 1
+1 1
-1 2
+1 1
-1 1
+3 2
+1 4
+14 2
+4 2
+1 2
-1 4
+1 2
+2 3
+91 1
-1 2
+17 4
+16 2
+5 1
-1 2
+4 4
+4 2
fi=(18) ./elf/../sysdeps/x86/get-isa-level.h
30 1
fe=(16)
389 2
+4 3
fi=(19) ./elf/../sysdeps/unix/sysv/linux/x86/dl-hwcap2.h
25 2
fi=(18)
+6 1
-3 1
+3 2
fe=(16)
402 1
+1 7
-92 3
+1 2
+5 1
-1 1
+10 1
-6 1
+2 1
-2 1
+3 1
+3 1
fi=(18)
32 3
+7 4
+1 3
+8 1
-1 1
+1 2
+3 4
+3 2
+9 5
fe=(16)
176 4
+6 2
+14 1
+12 3
-12 1
+12 1
-12 1
+2 1
+10 1
-10 2
-2 1
+2 1
+6 2
+4 1
-4 1
+2 1
-2 1
+2 3
+7 5
-24 1
-5 2
+4 1

fn=(36) init_cpu_features.constprop.0
728 1
+23 1
-23 7
+3 1
+9 1
-8 1
+1 1
+9 1
+9 2
+3 6
+6 6
cfn=(38) get_common_indices.constprop.0
calls=1 431 
* 71
409 3
+1 2
+1 6
+5 2
+1 6
+5 2
+1 8
765 1
cfn=(42)
calls=1 90 
* 202
+4 1
+42 1
-38 1
+15 1
-18 1
+41 1
-36 1
-5 1
+39 1
-39 1
+3 2
901 2
+7 2
+60 2
+7 2
+2 2
+4 2
+6 2
1156 1
758 1
1156 1
fi=(20) ./elf/../sysdeps/x86/dl-cacheinfo.h
1010 6
fe=(16)
755 1
1148 3
+1 2
+3 2
+1 2
+3 2
+7 1
+1 1
+1 1
+1 1
fi=(20)
861 2
964 1
+5 1
+11 1
-9 1
+4 1
+5 1
-16 1
+1 1
+15 1
-9 1
+2 1
-8 1
+1 1
+4 1
-4 1
+1 1
+5 1
-5 1
+1 1
+5 1
-5 1
+6 1
+37 2
-17 3
+8 2
+29 6
+9 2
+20 2
+13 2
-13 1
+6 1
+20 1
-20 1
+7 1
-7 1
+7 1
cfi=(11)
cfn=(28)
calls=1 435 
* 17
* 1
+3 1
+2 2
-3 1
+1 3
+2 1
-2 1
+2 1
cfi=(11)
cfn=(28)
calls=1 435 
* 17
* 1
+12 1
+68 1
-68 1
-10 1
+78 2
-72 2
+72 1
-68 1
+68 1
-68 1
cfi=(11)
cfn=(28)
calls=1 435 
* 17
* 1
+5 1
-4 1
+4 1
-4 2
+55 1
-51 1
+51 1
-51 1
cfi=(11)
cfn=(28)
calls=1 435 
* 17
* 1
+5 1
-4 1
+4 1
-4 2
+37 1
-33 1
+33 1
-33 1
cfi=(11)
cfn=(28)
calls=1 435 
* 17
* 1
+7 1
-6 1
+6 1
+42 1
-42 2
cfi=(11)
cfn=(28)
calls=1 435 
* 17
+2 1
-2 1
+42 1
-40 1
-2 1
+26 10
cfi=(11)
cfn=(58) __GI___tunable_set_val
calls=1 162 
* 40
+6 3
+3 9
cfi=(11)
cfn=(58)
calls=1 162 
* 40
+2 10
cfi=(11)
cfn=(58)
calls=1 162 
* 40
+1 10
cfi=(11)
cfn=(58)
calls=1 162 
* 40
+1 11
cfi=(11)
cfn=(58)
calls=1 162 
* 40
+3 10
cfi=(11)
cfn=(58)
calls=1 162 
* 40
+8 1
fe=(16)
+13 2
fi=(20)
-10 1
fe=(16)
+10 1
fi=(20)
-9 1
-4 1
+1 1
+2 1
+2 1
-4 1
+1 1
+3 1
-3 1
+4 1
fe=(16)
+7 1
cfi=(11)
cfn=(28)
calls=1 435 
* 16
+3 4
cfi=(11)
cfn=(28)
calls=1 435 
* 18
+9 1
+4 1
-4 2
+55 1
-1 1
+1 1
+45 4
cfi=(11)
cfn=(28)
calls=1 435 
* 16
+2 4
cfi=(11)
cfn=(28)
calls=1 435 
* 16
+4 2
+3 4
+3 1
+35 3
-32 1
+32 1
cfi=(11)
cfn=(28)
calls=1 435 
* 18
+7 8
fi=(20)
1046 3
+3 1
+1 2
fe=(16)
1195 1
+1 1
-1 1
+1 2
+45 3
+27 2
-10 3
+1 3
+6 1
-3 2
fi=(20)
863 3
cfn=(50) handle_intel.constprop.0
calls=1 266 
* 443
+1 1
-1 1
+1 1
cfn=(50)
calls=1 266 
* 521
+4 1
-4 1
+1 2
+3 1
cfn=(50)
calls=1 266 
* 471
+2 1
-2 1
+2 1
cfn=(50)
calls=1 266 
* 463
+3 1
-3 1
+1 2
+2 1
cfn=(50)
calls=1 266 
* 433
+2 1
-2 1
+2 1
cfn=(50)
calls=1 266 
* 435
+2 1
-2 1
+2 1
cfn=(50)
calls=1 266 
* 496
+2 1
-2 1
+2 1
cfn=(50)
calls=1 266 
* 486
+2 1
-2 1
+2 1
cfn=(50)
calls=1 266 
* 488
+1 1
+2 1
-3 1
+1 1
+2 1
cfn=(50)
calls=1 266 
* 511
+2 1
-2 1
+2 1
cfn=(50)
calls=1 266 
* 513
+2 1
-2 1
+2 1
cfn=(50)
calls=1 266 
* 514
+2 4
-2 1
+2 2
cfn=(56) get_common_cache_info.constprop.0
calls=1 624 
* 206
1001 1
-6 3
+6 1
-6 2
+6 2
-6 2
+6 3
-1 2
fe=(16)
775 3
565 4
781 5
+37 2
+3 2
926 1
+1 2

fn=(38)
431 3
+4 4
+3 3
+5 2
-5 1
+5 1
-5 1
+4 1
+1 1
+1 4
+1 4
+1 3
+1 2
+7 2
+2 4
+5 1
-5 1
+5 1
-5 2
+5 1
+7 1
-7 4
+7 1
+1 3
+6 1
-6 4
+6 1
fi=(17) ./elf/../sysdeps/unix/sysv/linux/x86/dl-minsigstacksize.h
24 2
+3 2
+1 2
+37 3
+9 2
fe=(16)
490 3

fl=(45)
fn=(132)
137 8
+1 40
+5 8
+1 8
+3 3
+1 3
+2 1
+1 1
+1 1
+84 2
+1 2
+12 2
+3 2
+1 2
+12 2
+1 2
+13 2
+1 2
+2 2
+3 1
+3 2
+3 1
+1 1
+1 1
+1 1
+1 1
+1 1
+1 1
-6 35
+1 35
+1 35
+1 35
+1 35
+1 35
+1 35
+3 2
+1 2
+1 2
+1 2
+5 2
+46 5
+2 5
+1 5
+39 5
+1 5
+2 5

fl=(14) ./elf/../sysdeps/unix/sysv/linux/brk.c
fn=(30) brk
36 1
fi=(205) ./elf/../sysdeps/unix/sysv/linux/brk_call.h
-12 2
fe=(14)
+13 1
+1 2
+6 1
+1 1

fl=(73) ./malloc/./malloc/scratch_buffer_set_array_size.c
fn=(244) __libc_scratch_buffer_set_array_size
30 26
+4 2
+1 4
+10 4
+18 2
-17 2
+17 10

fl=(31)
fn=(220) _dl_dst_count
228 4
+3 2
-3 4
+7 2
-7 6
+3 2
cfi=(43)
cfn=(122)
calls=2 32 
* 72
+3 4
+20 14

fn=(224) open_path
1760 8
+1 2
+6 2
+5 13
+57 2
-57 6
-7 1
-1 1
+65 1
-20 2
-34 1
+8 1
-8 1
+8 2
+7 5
cfi=(29)
cfn=(128)
calls=1 197 
* 13
* 3
+1 11
+3 6
+5 21
cfi=(29)
cfn=(128)
calls=3 197 
* 39
* 12
cfi=(29)
cfn=(128)
calls=3 197 
* 39
+3 6
+6 6
+3 21
cfn=(180) open_verify.constprop.0
calls=3 1511 
* 177
* 3
+2 9
+2 6
+98 9
1791 7
+99 8
+6 2
-2 1
+2 2
+3 3
1770 2
+51 18
+6 6
+2 3
-2 3
+2 6
cfi=(68)
cfn=(226)
calls=3 28 
* 46
* 3
+3 3
-3 3
+1 1
+4 1
-4 2
+4 5
-43 2
+43 2
-43 4
-19 2

fn=(88)
842 3
+8 6
-6 3
+12 6
-13 3
+13 3
-13 6
+13 6
+3 9
+1 6
+1 6
+3 9
+1 9
+4 3
+1 6
+22 9
+2 12
-20 10
+4 10
-3 5
+6 5
+1 15
fi=(32)
95 20
+7 10
+16 5
-3 10
252 4
+5 2
-4 2
+4 6
+3 2
-6 6
+1 3
+2 12
+3 4
fe=(31)

fn=(210) _dl_notify_new_object
908 8
+2 2
-2 10
+2 2
cfi=(47)
cfn=(212)
calls=2 94 
* 14
* 2
+1 6
+21 10
-4 4
+7 2
-2 4
+2 8
-2 2
cfi=(51)
cfn=(214)
calls=2 77 
* 10

fn=(138) expand_dynamic_string_token
375 14
231 2
375 2
231 4
cfi=(43)
cfn=(122)
calls=2 32 
* 72
+3 4
400 2
-11 2
+11 8
-11 2
cfi=(46) ./string/./string/strdup.c
cfn=(140) strdup
calls=2 40 
* 156

fn=(134) fillin_rpath.isra.0
442 9
+4 1
-4 9
+6 3
cfi=(7)
cfn=(136) strsep
calls=1 239 
* 242
* 3
cfi=(7)
cfn=(136)
calls=1 239 
* 9
* 6
+7 2
+2 3
cfn=(138)
calls=1 -82 
* 109
* 1
+4 2
+5 2
cfi=(22)
cfn=(60)
calls=1 57 
* 17
* 1
+1 2
+7 4
+9 15
+1 8
fi=(28)
50 2
cfi=(27)
cfn=(144)
calls=1 +47 
* 5
+1 1
fe=(31)
502 4
+4 3
fi=(28)
56 1
cfi=(27)
cfn=(76)
calls=1 -20 
* 18
* 1
fe=(31)
508 2
+5 1
+1 2
-1 1
-1 1
+2 1
cfi=(29)
cfn=(128)
calls=1 197 
* 13
+3 1
-3 1
+1 1
+2 1
+7 3
-1 7
+2 1
-1 1
+1 1
-1 3
+1 1
-1 2
+1 1
+2 2
+1 3
+1 1
+6 2
+1 1
+3 3
-60 2
-22 2
+88 1
+3 8
-24 2

fn=(186) _dl_map_object_from_fd
948 22
+15 2
-15 4
+15 2
-15 2
+15 4
+85 8
+10 4
+7 14
cfi=(26)
cfn=(70)
calls=2 59 
* 826
* 2
+1 4
+11 2
+1 2
-1 2
+2 2
+3 2
-1 2
-2 2
+3 6
+1 2
+19 2
-2 1
+2 9
-2 1
+2 25
+10 2
-10 4
+10 6
+27 2
-33 2
-3 2
+2 2
-1 2
+44 2
fi=(30)
62 2
fe=(31)
1139 2
-41 2
+50 2
fi=(30)
62 6
fe=(31)
1113 98
+26 48
+10 16
-1 8
-1 8
+1 16
+1 8
+2 8
-3 8
+1 8
+2 8
+2 8
-4 8
+1 8
+3 8
-4 8
+4 40
+2 16
+13 34
fi=(30)
62 12
fe=(31)
1173 6
fi=(30)
62 42
fe=(31)
1147 12
-35 18
fi=(30)
62 4
fe=(31)
1173 2
fi=(30)
62 14
fe=(31)
1147 4
-35 57
+1 135
1214 2
1112 2
1214 4
1112 6
1219 8
1078 2
1229 2
1078 12
1230 2
-1 2
+1 2
-1 6
+1 6
-1 6
+1 6
-1 18
+7 4
+10 8
+7 8
fi=(62) ./elf/./dl-map-segments.h
29 2
fe=(31)
1253 6
fi=(62)
29 4
+1 14
cfi=(60)
cfn=(192)
calls=2 +17 
* 56
+72 2
-72 2
+73 4
+3 4
+1 2
-1 2
+1 2
+2 4
+17 2
-44 2
fi=(63) ./elf/./dl-load.h
+9 16
fi=(62)
+59 32
+6 2
+2 2
-2 2
+3 2
-2 2
+2 2
-1 4
+3 6
+5 4
+3 6
+8 14
cfi=(45)
cfn=(132)
calls=2 -40 
* 294
* 4
+6 4
+41 8
-88 32
+2 24
+2 12
+1 6
-1 30
cfi=(60)
cfn=(192)
calls=6 -93 
* 126
* 12
fe=(31)
1054 2
fi=(59) ./elf/../sysdeps/posix/dl-fileid.h
37 4
cfi=(58) ./io/../sysdeps/unix/sysv/linux/fstat64.c
cfn=(188) fstat
calls=2 -7 
* 12
* 4
+3 2
fe=(31)
999 2
fi=(59)
40 2
+1 4
fe=(31)
999 27
+1 10
fi=(59)
49 12
fe=(31)
1458 18
1133 2
+1 1
-15 4
+7 2
+2 2
-2 2
+1 2
+1 2
-1 4
+1 16
fi=(30)
62 16
fe=(31)
1211 2
-34 3
+5 1
-1 2
+5 1
-5 2
-55 1
+60 4
+1 1
+3 1
-3 1
+8 4
1086 12
+1 2
-1 1
+1 1
-1 1
+1 1
cfi=(72)
cfn=(238)
calls=1 25 
* 7
* 2
-69 4
1269 8
+1 6
fi=(64) ./elf/./elf/get-dynamic-info.h
39 4
+6 2
-2 2
+2 4
+8 3
+15 3
-23 12
+23 44
-23 176
+4 94
+3 13
-1 26
+3 40
+1 32
fi=(63)
+37 4
+2 1
-1 1
+1 1
-1 2
+1 1
-1 2
+3 4
fi=(64)
-40 10
+3 8
+13 8
+12 7
+1 8
+1 8
+1 8
+1 7
+1 7
+1 7
+1 8
+12 2
+7 2
-7 14
+7 4
+5 2
+7 2
+1 6
+6 6
+1 3
+17 6
+5 2
+2 2
+2 2
+2 2
+1 1
+3 6
+2 6
+1 4
+9 4
+6 4
+1 2
+3 4
fe=(31)
1276 4
+1 4
+2 4
+10 6
+19 6
+2 10
+20 6
+1 2
+6 12
+1 42
+6 8
cfn=(88)
calls=2 842 
* 149
-7 56
+1 27
+6 27
-6 54
fi=(32)
149 12
fe=(31)
984 4
1086 2
1349 4
cfi=(65)
cfn=(206)
calls=2 25 
* 12
* 4
+13 4
+2 8
+2 4
+16 4
cfi=(8)
cfn=(14)
calls=2 25 
* 54
+4 4
+1 4
+17 4
+1 1
+3 4
+5 2
-5 4
+5 2
+5 4
+10 8
+8 4
+1 4
+5 2
cfi=(48)
cfn=(242)
calls=1 161 
* 12
+7 6
cfi=(26)
cfn=(82)
calls=2 31 
* 90
+3 4
+3 8
cfn=(210)
calls=2 908 
* 84
+2 2
fi=(62)
189 4
-3 1
+3 4
-3 6
+3 1
cfi=(60)
cfn=(192)
calls=1 47 
* 21
+3 2
+2 1
cfi=(61)
cfn=(240) __is_decorate_maps_enabled
calls=1 33 
* 6
* 2
fi=(4)
-98 8
+3 2
+1 1
-1 2
+1 1
fe=(31)
1429 5
cfi=(34)
cfn=(98)
calls=1 98 
* 68
* 2
+1 3
fi=(64)
62 8
+2 8
fe=(31)

fn=(178) _dl_map_new_object
1952 30
+10 4
+12 2
-5 2
-15 2
+20 4
+14 6
cfi=(43)
cfn=(122)
calls=2 32 
* 48
* 4
2140 2
-1 3
cfn=(138)
calls=1 375 
* 159
+6 1
-6 1
+2 2
+4 7
cfn=(180)
calls=1 1511 
* 105
+3 2
-3 1
+3 1
+12 6
+46 22
cfn=(186)
calls=2 948 
* 4323
* 2
+2 16
1992 2
cfi=(22)
cfn=(60)
calls=1 57 
* 17
* 2
+2 2
+7 4
+51 13
cfn=(224)
calls=1 1760 
* 564
+6 1
-6 1
+6 2
-53 1
+1 1
670 5
2010 3
656 3
2010 3
+15 2
+1 7
656 3
2051 2
+1 2
656 3
2073 2
cfi=(70)
cfn=(230) _dl_load_cache_lookup
calls=1 386 
* 1417
* 1
+2 2
+4 2
+31 1
-23 2
+23 7
cfn=(180)
calls=1 1511 
* 135
+4 2
-4 1
+4 1
+1 1
+17 2
-65 2
+2 3
-33 2

fn=(110)
680 11
+14 1
-14 2
+14 2
cfi=(39) ./elf/./elf/dl-hwcaps.c
cfn=(112) _dl_important_hwcaps
calls=1 171 
* 1202
fi=(28)
56 1
fe=(31)
694 1
fi=(28)
56 1
cfi=(27)
cfn=(76)
calls=1 -20 
* 18
fe=(31)
699 1
+2 2
+7 2
+1 1
-1 3
+5 3
fi=(28)
56 1
cfi=(27)
cfn=(76)
calls=1 -20 
* 18
fe=(31)
713 1
+2 5
+7 1
+8 2
+5 1
-14 1
+16 1
-7 1
+11 1
-6 1
+9 3
-2 1
+2 1
-8 1
+6 1
+2 2
-12 1
+9 2
+1 16
cfi=(45)
cfn=(132)
calls=4 137 
* 56
+2 18
-14 3
+10 3
-8 3
+12 3
-8 3
-6 3
+5 3
+1 3
-4 3
+8 9
+1 6
+15 1
+3 1
-15 1
+7 1
-1 1
+9 2
+2 4
+2 3
+36 5
+2 2
cfi=(22)
cfn=(60)
calls=1 57 
* 17
* 8
-19 1
-2 1
+2 2
+19 9
cfi=(29)
cfn=(80)
calls=1 210 
* 11
* 1
+5 4
-1 4
+2 1
+1 2
-2 4
+1 13
+1 26
-2 52
+5 1
fi=(28)
56 1
cfi=(27)
cfn=(76)
calls=1 -20 
* 18
fe=(31)
810 1
+2 2
+6 7
cfn=(134)
calls=1 442 
* 555
+3 3
+6 1
+4 8
-35 2
+5 2

fn=(172) _dl_lookup_map
1917 18
+1 6
+1 6
+3 36
+5 49
+2 21
cfi=(55) ./elf/./elf/dl-misc.c
cfn=(174) _dl_name_match_p
calls=7 68 
* 961
* 14
+2 12
fi=(4)
96 18
+4 2
-1 10
+1 2
fe=(31)
1931 4
+1 6
cfi=(34)
cfn=(98)
calls=2 98 
* 50
* 4
+13 8
-1 2
+1 10

fn=(170)
2213 21
+1 3
-1 21
+1 6
cfn=(172)
calls=3 1917 
* 1239
+1 9
+3 10
-1 10
+1 12
-1 2
cfn=(178)
calls=2 1952 
* 6981

fn=(180)
1511 50
+32 5
-32 10
+32 10
+19 20
cfi=(56)
cfn=(182)
calls=5 28 
* 114
* 5
+2 10
+8 2
+1 4
+6 2
-1 4
+1 2
-1 2
cfi=(57)
cfn=(184)
calls=2 25 
* 12
* 2
+4 2
-2 4
+2 4
+2 4
+6 4
+15 26
+83 4
+5 4
+8 8
+6 4
+6 2
+1 2
-1 2
+1 6
+33 45
-29 12
+1 2
-1 1
+1 1
cfi=(72)
cfn=(238)
calls=1 25 
* 7
* 2
1548 6
+57 3
1718 2
+24 6

fl=(147)
fn=(480)
30 2
+10 4
-10 3
+7 1
+3 2
cfi=(148) ./elf/./elf/dl-lookup-direct.c
cfn=(482) _dl_lookup_direct
calls=1 +34 
* 262
+4 2
+1 9
+2 5
-2 1
+2 1
cfi=(148)
cfn=(482)
calls=1 +27 
* 217
* 1
+4 2
+1 6
+1 2
-1 1
+1 2

fl=(58)
fn=(188)
30 3
+9 12
+33 3

fl=(145)
fn=(476) _dlfo_sort_mappings
553 1
+1 2
-1 2
+4 2
-4 2
+4 1
-4 3
+8 1
+1 1
-1 1
+1 2
-1 5
+1 5
-1 5
+1 34
+1 12
+2 12
-3 24
+1 30
+2 30
-3 60
+8 18
+1 18
-1 12
+1 30
+1 18
-15 18
+17 4

fn=(470)
578 6
+3 1
+2 2
+7 2
+6 1
cfn=(472) _dlfo_process_initial
calls=1 -91 
* 348
* 1
+1 3
fi=(28)
56 1
cfi=(27)
cfn=(76)
calls=1 -20 
* 18
fe=(145)
597 1
+2 2
+3 3
+5 1
+1 1
cfn=(472)
calls=1 505 
* 759
+3 4
+10 5
-8 1
cfn=(476)
calls=1 -60 
* 353
+3 6
+2 1

fn=(472)
505 14
+3 2
-3 2
+1 2
+3 4
+5 10
+10 10
-9 6
+1 8
-1 16
+3 28
+3 24
-7 10
+34 2
-2 2
+2 16
-24 12
+5 18
+3 3
-1 9
cfi=(146) ./elf/./dl-find_object.h
cfn=(474) _dl_find_object_from_map
calls=3 105 
* 373
+2 12
-56 6
cfi=(146)
cfn=(474)
calls=2 105 
* 270
+5 2
-1 2
+1 4
+1 4
+3 7
-2 28
+5 8
+5 4
-5 24
+1 8
+1 4
+1 8
-9 46
+11 42
-11 14
+11 14
-11 29

fl=(80)
fn=(528)
331 1
+3 2
+16 1

fn=(282)
361 5
-86 2
+2 2
-1 1
+6 1
+3 1
-3 1
+1 1
-1 1
+1 1
-1 1
+1 1
+5 2
+5 2
+3 1
+4 2
+5 2
-1 1
+9 2
157 1
-12 2
+12 2
-7 1
+24 2
+5 1
363 2
-61 2
+1 2

fl=(144) ./misc/../sysdeps/unix/syscall-template.S
fn=(522) munmap
117 5
+5 1

fn=(462) mprotect
117 20
+5 4

fl=(67)
fn=(222)
61 12
+7 2
-4 6
+1 2
-1 14
cfi=(31)
cfn=(170)
calls=2 2213 
* 5650
* 2
+5 6

fn=(218)
143 5
+1 2
-1 1
+1 1
-1 2
+1 1
-1 1
+1 1
-1 4
+1 3
-1 1
+1 7
-8 1
+8 2
-8 1
-6 1
-2 1
+16 1
-8 1
-7 1
+1 1
+6 1
+24 4
-28 3
-2 1
+31 1
-33 1
+32 1
-30 2
+30 1
-30 1
-1 4
+7 4
+24 3
+28 3
-6 1
-18 1
+22 1
fi=(74) ./elf/../include/scratch_buffer.h
77 3
+1 1
fe=(67)
184 1
+48 3
-35 1
-4 1
+4 5
-4 3
+4 6
+11 12
-18 2
+18 4
417 8
+2 2
+3 2
-3 6
+3 4
fi=(28)
56 2
cfi=(27)
cfn=(76)
calls=2 -20 
* 36
fe=(67)
423 4
fi=(28)
56 2
fe=(67)
423 2
+6 2
+1 6
cfi=(29)
cfn=(80)
calls=2 210 
* 22
+1 12
cfi=(29)
cfn=(80)
calls=2 210 
* 22
+3 2
+1 2
+4 12
188 6
442 9
-1 4
+1 8
183 5
+27 8
+7 2
+4 2
-6 2
+1 2
+1 2
+4 2
-3 4
+3 4
+7 2
-38 4
+38 2
-9 2
-29 2
+38 2
-38 4
+32 106
+6 8
cfi=(31)
cfn=(220)
calls=2 * 
* 110
* 6
+4 4
-2 2
+2 4
cfi=(53)
cfn=(164)
calls=2 -24 
* 5830
+1 4
+9 2
+2 4
+5 10
+6 2
+2 2
-8 4
+3 2
+1 2
+1 2
+1 2
+4 2
-3 2
+3 6
+4 6
+1 3
-43 220
+7 4
+38 153
fi=(74)
85 3
fe=(67)
448 5
+1 1
+3 4
+11 5
fi=(28)
56 1
cfi=(27)
cfn=(76)
calls=1 -20 
* 18
fe=(67)
465 3
fi=(28)
56 1
fe=(67)
465 1
+5 3
+1 1
-1 2
+4 3
-2 2
+13 3
-7 3
+7 3
-1 3
+1 3
-1 3
+6 3
-16 9
+4 1
+7 1
-1 1
+1 1
-1 1
+6 1
-16 3
+21 3
+37 2
+15 1
+1 1
-15 2
+20 1
-1 4
+1 2
-1 5
cfi=(13)
cfn=(248)
calls=1 298 
* 251
+5 1
+2 1
+1 1
+1 2
-2 1
+2 1
+7 3
+3 2
+3 8
198 25
+3 2
fi=(74)
-70 6
cfi=(73)
cfn=(244)
calls=2 30 
* 50
fe=(67)
+70 4
+4 4
547 5
cfi=(29)
cfn=(80)
calls=1 210 
* 11
* 3
-53 2
144 2

fl=(20)
fn=(52) intel_check_word.constprop.0
133 48
-4 48
+10 72
+87 24
-97 72
+90 24
-90 48
+10 48
-10 24
+10 24
+73 72
-73 24
+73 48
-69 24
+2 48
-10 12
257 144
-31 144
fi=(21) ./elf/../bits/stdlib-bsearch.h
28 144
fe=(20)
+92 96
fi=(21)
-92 108
fe=(20)
+92 72
+3 324
fi=(21)
-97 768
+2 720
fe=(20)
+92 480
+21 144
+2 36
+2 132
+8 120
+51 96
fi=(21)
44 60
-18 120
+17 72
fe=(20)
165 36
+3 60
+9 18
+1 18
+1 18
+1 18
-18 18
+12 18
+23 21
-32 63
+3 63
+4 58
+2 116
+3 58
+1 50
+1 38
+1 24
+2 11
+2 22
+6 14
+3 8
+1 12
-3 9
-5 4
+2 4
+1 4
-2 4
-1 4
+2 8
-2 4
+3 4
-2 12
+2 12
+11 2
-38 6
+12 15

fn=(50)
266 24
-5 12
+17 12
-17 96
+11 12
+6 36
+4 24
+34 96
-29 12
+3 24
-3 12
+3 12
cfn=(52)
calls=12 133 
* 4008
+2 24
+3 60
cfn=(52)
calls=12 133 
* 1286
+2 24

fn=(56)
624 11
+47 1
-29 1
-3 1
+32 1
-17 2
-11 1
+28 2
+4 2
-26 1
+31 1
-14 1
-15 4
+32 1
-32 9
+75 4
+8 1
+2 1
-2 5
+2 2
-2 1
-4 3
+31 2
-21 4
+2 1
+2 2
-4 3
+2 1
+2 6
+2 4
+3 2
+5 1
+2 2
+1 1
+1 1
-2 2
+1 1
-19 4
+46 2
+2 1
-1 1
+1 2
+1 1
+25 3
+11 4
+1 5
+4 2
+7 1
+1 1
+1 1
+1 7
693 6
+14 2
+4 1
+3 1
+1 1
-4 2
+3 3
+6 4
-37 12
+7 6
-7 3
+7 2
+3 20
+5 2
+4 1
+1 1
-1 2
+1 1
+61 2
+7 1
+2 2
-16 1
+22 1
-6 2
+1 2
+5 1

fl=(146)
fn=(474)
105 5
+10 5
+1 5
-11 5
+1 10
+1 5
+8 5
+1 5
+5 20
+1 10
-19 10
+21 122
-2 198
+2 198
+3 5
+5 5
-5 10
+16 10
+5 5
+1 5

fl=(148)
fn=(482)
74 39
+2 6
+2 9
+37 3
-37 9
+1 6
+2 15
+3 25
-52 3
+54 6
-54 3
+54 3
-54 9
+1 9
+2 6
+1 6
+12 9
+3 3
+2 6
-2 3
+2 9
cfi=(34)
cfn=(98)
calls=3 +45 
* 214
* 6
+4 6
+1 3
-1 3
+1 15
+1 9
cfi=(34)
cfn=(98)
calls=3 +39 
* 217
* 6
+57 27
-23 6

fl=(193) ./elf/./elf/dl-call_fini.c
fn=(648) _dl_call_fini
24 32
+4 8
+6 4
-2 4
+3 8
+4 4
+3 4
-4 10
+5 2
cob=(4) /usr/libexec/valgrind/vgpreload_core-amd64-linux.so
cfi=(162) ???
cfn=(664) 0x00000000000010d0
calls=1 -43 
* 96
cob=(5)
cfi=(168)
cfn=(650) 0x00000000006010b0
calls=1 -43 
* 13
-1 6
+5 4
+1 8
+1 4
+1 10
-1 2
cob=(3) ???
cfi=(156) ???
cfn=(686) 0x0000000004842294
calls=1 -49 
* 4
cob=(3)
cfi=(156)
cfn=(660) 0x00000000006010e8
calls=1 -49 
* 4
+1 12

fl=(46)
fn=(140)
40 18
+1 3
cfi=(22)
cfn=(60)
calls=3 +16 
* 87
* 3
fi=(206) ./string/../include/rtld-malloc.h
+15 6
cfi=(27)
cfn=(76)
calls=3 -20 
* 54
fe=(46)
-12 6
+3 6
+1 3
-1 3
+1 6
-1 3
cfi=(29)
cfn=(80)
calls=3 210 
* 49

fl=(190) ./elf/./elf/dl-fini.c
fn=(642) _dl_fini
26 6
+17 1
-17 4
+20 8
+3 2
cob=(2)
cfi=(191) ./nptl/./nptl/pthread_mutex_lock.c
cfn=(644) pthread_mutex_lock@@GLIBC_2.2.5
calls=1 +22 
* 38
+2 1
+3 2
+2 5
-10 4
+95 2
+13 8
-13 2
+2 1
-2 2
+6 2
-84 3
-2 1
+2 1
cfi=(51)
cfn=(518)
calls=1 -22 
* 10
+5 16
+6 1
-6 1
+4 1
+2 3
+2 8
+2 8
+2 8
+1 4
+1 4
+4 4
-12 12
+19 6
+1 4
+6 6
cfi=(13)
cfn=(248)
calls=1 298 
* 290
+9 2
cob=(2)
cfi=(192) ./nptl/./nptl/pthread_mutex_unlock.c
cfn=(646) pthread_mutex_unlock@@GLIBC_2.2.5
calls=1 357 
* 28
+5 6
+2 1
+2 2
-2 3
+2 6
+13 2
+4 3
cfi=(51)
cfn=(518)
calls=1 -94 
* 10
* 2
-15 16
cfi=(193)
cfn=(648)
calls=4 -96 
* 239
+3 8
cfi=(51)
cfn=(662)
calls=4 -26 
* 20
-9 8
+14 4
-14 13

fl=(54)
fn=(166)
31 3
+2 3
+9 3
+1 6
+1 3
+4 3
+1 3
+1 3
+1 3
+1 3
+2 6
+2 3
+1 3
+1 3
+2 6
+2 3
+8 3
+3 3
+1 3
+7 3
+1 3

fl=(40) ./elf/../sysdeps/x86_64/dl-hwcaps-subdirs.c
fn=(114) _dl_hwcaps_subdirs_active
29 1
fi=(18)
+2 1
fe=(40)
+7 1
fi=(18)
-7 3
fe=(40)
+21 2
fi=(18)
-20 3
+7 1
fe=(40)
-1 1
fi=(18)
+1 4
+1 4
+8 1
fe=(40)
-5 1
fi=(18)
+5 2
+3 4
+3 2
fe=(40)
-3 5

fl=(150)
fn=(494)
27 1
+2 2
-2 1
+6 3
-6 3
+6 1
-6 1
+6 2
cfi=(148)
cfn=(482)
calls=1 +41 
* 220
* 1
+4 3
+2 3
+1 1
-1 1
+2 2
-1 1
cob=(2)
cfi=(151) ./elf/./elf/libc_early_init.c
cfn=(496) __libc_early_init
calls=1 -6 
* 1268

fl=(69)
fn=(228)
146 6
-55 6
+70 7
+1 1
-2 4
+1 4

fl=(81)
fn=(286)
207 32
+13 4
-13 16
+16 4
-16 4
+16 4
+3 12
+20 12
+1 8
-30 6
+33 6
+7 12
fi=(6)
78 8
+6 4
+4 3
+6 1
+9 2
+23 2
fi=(4)
-47 1
fe=(81)
296 2
fi=(4)
79 2
fe=(81)
296 2
fi=(4)
79 3
fe=(81)
296 6
fi=(4)
79 6
fe=(81)
296 11131
fi=(4)
79 1
fe=(81)
296 1
fi=(4)
79 2
fe=(81)
296 144
190 8
296 1
fi=(5)
53 1
fe=(81)
296 1
fi=(5)
49 1
+31 1
-32 1
+1 1
+1 1
-1 1
+4 1
-3 2
+3 1
-3 2
+3 2
+27 2
fe=(81)
296 3
190 24
296 3
fi=(5)
53 3
fe=(81)
296 3
fi=(5)
49 3
+31 3
-32 3
+1 3
+1 3
-1 3
+4 3
-3 6
+3 3
-3 6
+3 6
+27 6
fe=(81)
296 4
fi=(5)
53 4
fe=(81)
296 4
fi=(5)
49 4
+31 4
-32 4
+1 4
+1 4
-1 4
+4 4
-3 8
+3 4
-3 8
+3 8
+27 8
+3 2
-11 7
fi=(6)
509 8
+4 8
+3 12
+1 4
fi=(5)
83 12
+2 16
-2 2
+13 2
fe=(81)
296 32
fi=(6)
725 24
+4 4
fe=(81)
298 16
+23 4
+3 8
+14 32
fi=(5)
105 21
+9 12
fi=(6)
493 9
+5 6
+1 6
fi=(5)
114 3
fi=(6)
499 6
fi=(5)
114 6
+3 28
+3 20
+2 10
-49 9
fe=(81)
190 21
fi=(5)
-66 6
+1 3
-1 3
+5 3
-5 6
+1 9
+4 6
-5 294
+1 147
-1 147
+5 147
-5 294
+1 441
+4 294
-2 103
-1 309
+1 206
-1 103
+1 103
fi=(6)
262 206
+7 206
+4 206
fe=(81)
170 412
fi=(4)
-18 267
fe=(81)
+19 178
+3 178
+8 164
-8 732
+12 162
-3 81
+1 81
+2 326
-3 1
+1 1
+2 86
+1 82
-1 82
+2 164
-1 328
+3 492
cfi=(82)
cfn=(294)
calls=82 767 
* 47173
+4 82
-4 82
+3 82
+1 492
fi=(6)
+88 897
+4 204
+26 618
418 24
fi=(5)
141 24
fi=(6)
418 160
fi=(5)
141 270
-19 459
+33 6
+1 63
+1 186
+3 94
+2 47
+2 47
-4 47
+2 47
+1 47
-1 94
fe=(81)
+8 188
fi=(6)
286 94
471 94
+2 47
cfi=(15) ./elf/../sysdeps/x86/dl-get-cpu-features.c
cfn=(478) __x86_cpu_features
calls=1 76 
* 6
cob=(2)
cfi=(143) ./string/../sysdeps/x86_64/multiarch/strncase.c
cfn=(458) strncasecmp
calls=1 31 
* 22
cob=(2)
cfi=(142) ./string/../sysdeps/x86_64/multiarch/mempcpy.c
cfn=(454) mempcpy
calls=1 33 
* 22
cob=(2)
cfi=(141) ./wcsmbs/../sysdeps/x86_64/multiarch/wcpncpy.c
cfn=(450) wcpncpy
calls=1 31 
* 18
cob=(2)
cfi=(140) ./string/../sysdeps/x86_64/multiarch/strspn.c
cfn=(448) strspn
calls=1 29 
* 7
cob=(2)
cfi=(138) ./string/../sysdeps/x86_64/multiarch/memchr.c
cfn=(444) memchr
calls=1 29 
* 21
cob=(2)
cfi=(137) ./string/../sysdeps/x86_64/multiarch/memmove.c
cfn=(440) memmove
calls=1 29 
* 22
cob=(2)
cfi=(136) ./string/../sysdeps/x86_64/multiarch/stpcpy.c
cfn=(436) stpcpy
calls=1 33 
* 19
cob=(2)
cfi=(135) ./debug/../sysdeps/x86_64/multiarch/memmove_chk.c
cfn=(432) __memmove_chk
calls=1 29 
* 22
cob=(2)
cfi=(133) ./wcsmbs/../sysdeps/x86_64/multiarch/wmemcmp.c
cfn=(428) wmemcmp
calls=1 29 
* 25
cob=(2)
cfi=(132) ./string/../sysdeps/x86_64/multiarch/strncpy.c
cfn=(424) strncpy
calls=1 29 
* 21
cob=(2)
cfi=(131) ./string/../sysdeps/x86_64/multiarch/strlen.c
cfn=(420) strlen
calls=1 29 
* 25
cob=(2)
cfi=(130) ./wcsmbs/../sysdeps/x86_64/multiarch/wcscat.c
cfn=(416) wcscat
calls=1 31 
* 18
cob=(2)
cfi=(129) ./string/../sysdeps/x86_64/multiarch/strcasecmp_l.c
cfn=(412) strcasecmp_l
calls=1 31 
* 22
cob=(2)
cfi=(128) ./string/../sysdeps/x86_64/multiarch/strcpy.c
cfn=(408) strcpy
calls=1 29 
* 19
cob=(2)
cfi=(126) ./wcsmbs/../sysdeps/x86_64/multiarch/wmemset.c
cfn=(404) wmemset
calls=2 31 
* 38
cob=(2)
cfi=(124) ./string/../sysdeps/x86_64/multiarch/memcmp.c
cfn=(400) bcmp
calls=1 29 
* 25
cob=(2)
cfi=(123) ./string/../sysdeps/x86_64/multiarch/strchrnul.c
cfn=(396) strchrnul
calls=1 31 
* 25
cob=(2)
cfi=(122) ./string/../sysdeps/x86_64/multiarch/strncase_l.c
cfn=(392) strncasecmp_l
calls=1 31 
* 22
cob=(2)
cfi=(120) ./string/../sysdeps/x86_64/multiarch/strcat.c
cfn=(388) strcat
calls=1 29 
* 19
cob=(2)
cfi=(119) ./wcsmbs/../sysdeps/x86_64/multiarch/wcscpy.c
cfn=(386) wcscpy
calls=1 60 
* 17
cob=(2)
cfi=(118) ./string/../sysdeps/x86_64/multiarch/strcspn.c
cfn=(384) strcspn
calls=1 29 
* 7
cob=(2)
cfi=(111) ./string/../sysdeps/x86_64/multiarch/stpncpy.c
cfn=(378) strcasecmp
calls=1 31 
* 22
cob=(2)
cfi=(115) ./string/../sysdeps/x86_64/multiarch/strncmp.c
cfn=(376) strncmp
calls=1 67 
* 22
cob=(2)
cfi=(113) ./wcsmbs/../sysdeps/x86_64/multiarch/wmemchr.c
cfn=(372) wmemchr
calls=2 31 
* 42
cob=(2)
cfi=(111)
cfn=(368) stpncpy
calls=1 31 
* 21
cob=(2)
cfi=(110) ./wcsmbs/../sysdeps/x86_64/multiarch/wcscmp.c
cfn=(364) wcscmp
calls=1 30 
* 25
cob=(2)
cfi=(109) ./string/../sysdeps/x86_64/multiarch/strrchr.c
cfn=(360) rindex
calls=1 28 
* 25
cob=(2)
cfi=(107)
cfn=(356)
calls=1 29 
* 23
cob=(2)
cfi=(106) ./string/../sysdeps/x86_64/multiarch/strchr.c
cfn=(354) index
calls=1 65 
* 21
cob=(2)
cfi=(104) ./wcsmbs/../sysdeps/x86_64/multiarch/wcschr.c
cfn=(350) wcschr
calls=2 31 
* 50
cob=(2)
cfi=(102) ./string/../sysdeps/x86_64/multiarch/memcpy.c
cfn=(346) memcpy@@GLIBC_2.14
calls=1 29 
* 22
cob=(2)
cfi=(100) ./wcsmbs/../sysdeps/x86_64/multiarch/wcsncpy.c
cfn=(342) wcsncpy
calls=1 31 
* 18
cob=(2)
cfi=(99) ./string/../sysdeps/x86_64/multiarch/memrchr.c
cfn=(338) memrchr
calls=1 29 
* 25
cob=(2)
cfi=(98) ./debug/../sysdeps/x86_64/multiarch/memcpy_chk.c
cfn=(334) __memcpy_chk
calls=1 29 
* 22
cob=(2)
cfi=(96) ./debug/../sysdeps/x86_64/multiarch/mempcpy_chk.c
cfn=(330) __mempcpy_chk
calls=1 29 
* 22
cob=(2)
cfi=(95) ./wcsmbs/../sysdeps/x86_64/multiarch/wcslen.c
cfn=(326) wcslen
calls=1 29 
* 20
cob=(2)
cfi=(93) ./string/../sysdeps/x86_64/multiarch/memset.c
cfn=(322) memset
calls=1 29 
* 23
cob=(2)
cfi=(91) ./wcsmbs/../sysdeps/x86_64/multiarch/wcsnlen.c
cfn=(318) wcsnlen
calls=1 30 
* 20
cob=(2)
cfi=(90) ./string/../sysdeps/x86_64/multiarch/strcmp.c
cfn=(316) strcmp
calls=1 79 
* 20
cob=(2)
cfi=(89) ./string/../sysdeps/x86_64/multiarch/strpbrk.c
cfn=(314) strpbrk
calls=1 29 
* 7
cob=(2)
cfi=(87) ./string/../sysdeps/x86_64/multiarch/strnlen.c
cfn=(310) strnlen
calls=2 31 
* 50
cob=(2)
cfi=(85) ./string/../sysdeps/x86/cacheinfo.c
cfn=(306) __x86_cacheinfo
calls=1 86 
* 30
fi=(5)
156 47
fi=(6)
474 47
fi=(5)
156 98
-14 45
fi=(6)
395 45
+2 60
+4 15
+9 15
-9 30
+9 15
fi=(5)
141 30
fi=(6)
315 15
+3 15
fi=(5)
132 47
+1 47
-1 141
+2 47
fi=(6)
282 70
fi=(5)
51 4
fi=(4)
+28 8
fe=(81)
296 67
fi=(6)
-14 235
fe=(81)
175 63
+3 7
-1 7
+19 7
-18 14
fi=(5)
-7 4
-98 3
fe=(81)
190 5
fi=(5)
-17 3
+3 1
-3 4
+3 2
-3 15
+3 5
-3 20
+3 10
-2 12
+10 6
fi=(6)
+78 12
+7 12
+4 12
fe=(81)
170 24
fi=(4)
-18 18
fe=(81)
+19 12
+3 12
+8 12
-8 54
+12 12
-3 6
+1 6
+2 36
+4 24
-4 6
+4 18
cfi=(82)
cfn=(294)
calls=6 767 
* 2847
+4 6
-4 6
+3 6
+1 36
fi=(6)
+88 32
+4 4
+26 36
418 6
fi=(5)
187 18
-16 18
+31 5
fe=(81)
+48 2
+7 4
-9 2
fi=(6)
+54 7
fe=(81)
175 21

fn=(492)
352 1
+1 3
+3 5
+3 1
-3 1
+3 1
+4 2
-11 1
+12 3
-12 3
+12 1
-12 1
+12 1
cfi=(144)
cfn=(462)
calls=1 117 
* 6
* 2
+6 3

fn=(284)
343 5
+1 12
-1 15
+3 3
cfn=(286)
calls=3 207 
* 76083
+7 9
+3 15
+3 3
-3 3
+3 3
+4 6
-15 9
+16 12
cfi=(144)
cfn=(462)
calls=3 117 
* 18
* 6

fl=(55)
fn=(174)
68 98
+1 28
cfi=(34)
cfn=(98)
calls=14 +29 
* 547
* 14
+1 14
-1 14
+3 14
+2 28
+4 15
-4 30
+1 54
cfi=(34)
cfn=(98)
calls=18 +23 
* 773
* 36
-5 3
+11 23
-1 11
+1 33

fn=(232) _dl_sysdep_read_whole_file
36 2
+3 1
-3 5
+3 1
-3 1
+3 1
cfi=(56)
cfn=(182)
calls=1 -11 
* 21
+1 3
+2 4
cfi=(58)
cfn=(188)
calls=1 -12 
* 6
* 3
+2 2
+3 2
+13 3
cfi=(65)
cfn=(206)
calls=1 -35 
* 6
* 1
+3 6
-14 6
cfi=(60)
cfn=(192)
calls=1 -2 
* 26
* 3

fl=(161)
fn=(534) call_init.part.0
26 48
+17 4
+3 4
-3 8
+3 8
+5 6
+8 9
+1 6
cob=(3)
cfi=(156)
cfn=(536) 0x0000000004842000
calls=1 -60 
* 7
+3 3
+1 6
+6 6
+3 4
-1 14
+2 8
cob=(2)
cfi=(167) ./libio/./libio/stdfiles.c
cfn=(556) _IO_stdfiles_init
calls=1 -10 
* 22
cob=(2)
cfi=(166) ./libio/./libio/vtables.c
cfn=(554) check_stdfiles_vtables
calls=1 545 
* 12
* 8
cob=(2)
cfi=(163) ./csu/./csu/init-first.c
cfn=(546) _init_first
calls=1 -28 
* 69
cob=(4)
cfi=(162)
cfn=(540) 0x0000000000001110
calls=1 -74 
* 12
-1 12
+3 32
-29 2

fn=(532)
81 13
+1 1
+1 1
+3 3
+8 2
+25 1
+1 8
+1 8
-92 8
+6 12
+2 17
+83 6
cfn=(534)
calls=3 -94 
* 233
* 6
+7 8
-98 2
+60 2
-54 3
+2 7
cfn=(534)
calls=1 -11 
* 77
* 2

fl=(7)
fn=(12)
42 1
+1 2
+1 2
+1 2
+1 2
+1 1

fn=(486) lookup_malloc_symbol
61 8
+3 4
-3 12
+3 4
-3 4
+3 20
-1 4
+1 4
cfi=(82)
cfn=(294)
calls=4 767 
* 2266
+4 32
+1 24
+2 4
fi=(149) ./elf/./dl-sym-post.h
-30 8
+12 12
fe=(7)
+19 12

fn=(484)
76 2
+10 1
+5 1
-15 3
+15 1
-15 5
+10 1
+2 1
+1 1
+2 1
cfn=(486)
calls=1 -30 
* 574
+1 3
-1 1
+1 1
cfn=(486)
calls=1 -31 
* 611
+1 3
-1 1
+1 1
cfn=(486)
calls=1 -32 
* 607
+1 3
-1 1
+1 1
cfn=(486)
calls=1 -33 
* 626
+5 1
+1 1
+1 1
+1 1
+1 8

fn=(136)
239 2
+3 6
+2 2
+1 4
+4 3
-2 3
+4 28
+5 84
-2 56
+13 1
+4 4
-22 14
+15 14
-15 30

fl=(75)
fn=(256)
399 7
+4 5
-2 3
+4 24
cfn=(258) _dl_check_map_versions
calls=4 155 
* 4672
-2 4
+1 4
-1 8
+5 7

fn=(258)
155 36
+15 12
+2 12
+2 12
+1 4
+2 8
+3 4
+4 4
-20 2
-8 2
+69 14
36 4
200 4
36 12
+1 5
-1 10
+2 21
cfi=(55)
cfn=(174)
calls=7 +30 
* 774
* 18
208 4
+5 2
99 8
213 4
+4 4
+1 4
-1 2
+4 4
-3 8
-1 12
+1 12
-1 6
+4 12
-3 44
56 32
+8 16
+6 24
+16 8
+1 16
+2 8
+5 72
+14 140
+12 186
+4 62
-30 124
231 32
+3 24
+5 6
-24 6
110 8
+3 32
cfi=(34)
cfn=(98)
calls=8 -15 
* 417
* 32
224 24
+4 6
+15 6
+14 10
+3 4
+3 14
+3 10
+4 2
-7 8
+3 6
+4 49
-7 196
+3 149
+8 6
+6 6
fi=(28)
44 3
fe=(75)
280 6
fi=(28)
44 3
cfi=(27)
cfn=(72)
calls=3 +36 
* 87
fe=(75)
281 6
-2 3
fi=(28)
44 3
fe=(75)
281 3
+13 3
-3 3
+3 12
+2 6
+3 8
+4 6
+7 8
+1 8
-1 16
+1 8
+1 8
-2 8
+2 16
+1 24
+3 24
+5 6
-15 6
+2 6
-2 6
+2 6
-2 6
+2 12
-2 2
+2 2
-2 2
+2 2
-2 2
+2 4
+16 6
+48 6
+1 4
+1 4
+1 2
+19 36
164 2
-8 2
257 5
+77 4
+3 4
+4 51
+6 51
+1 51
+1 51
-1 102
+1 51
-1 51
+1 51
+1 51
+3 153
+4 51
-14 106
+10 18
+11 195
+1 130
+1 18
-32 2
-40 2
-20 3
377 4
+2 124
+1 60
+2 1
+1 2
-1 1
+1 1
cfi=(34)
cfn=(260)
calls=1 98 
* 55
* 2

fl=(43)
fn=(122)
32 15
+1 15
+1 15
+1 15
+1 15
+1 15
+1 15
+1 15
+1 15
+1 15
+1 15
+1 15
+1 15
+1 15
+1 15
+1 15
+1 15
+1 15
+1 13
+4 13
+1 13
+1 13
+1 13
+2 13
+4 2
+1 2
+1 2
+1 2
+1 2
+1 2
+1 2
+1 2
+1 2
+1 2
+1 2
+1 2
+1 2
+1 2
+1 2
+1 2
+1 2
+1 2
+1 2
+1 2
+1 2
+1 2
+1 2
+1 2
+52 2
+4 2
+1 2
+1 2
+1 2
+2 2

fl=(39)
fn=(112)
171 6
+3 1
-3 3
+3 1
-3 6
+2 1
cfi=(40)
cfn=(114)
calls=1 29 
* 36
fi=(41) ./elf/./dl-hwcaps.h
43 1
fe=(39)
173 1
fi=(41)
45 1
+32 1
+1 1
+1 1
fe=(39)
-28 2
cfi=(42)
cfn=(120)
calls=1 * 
* 22
* 2
fi=(41)
-8 1
+2 1
-2 1
+34 2
+1 2
+1 1
fe=(39)
-25 2
-1 2
+1 2
+2 4
-5 4
cfi=(42)
cfn=(120)
calls=2 * 
* 128
* 2
cfi=(42)
cfn=(120)
calls=1 * 
* 125
* 6
+48 4
fi=(28)
-43 2
cfi=(27)
cfn=(76)
calls=1 -20 
* 18
fe=(39)
+45 2
-2 1
+2 1
fi=(41)
-58 3
fe=(39)
+61 1
fi=(41)
-59 1
fe=(39)
+66 1
fi=(41)
-65 1
fe=(39)
+65 2
cfi=(42)
cfn=(124)
calls=1 -86 
* 7
* 2
fi=(41)
-68 2
+2 1
-2 3
+34 2
+1 2
fe=(39)
+46 3
fi=(41)
-45 1
fe=(39)
+47 10
+1 4
+1 2
+1 2
-1 2
-4 4
cfi=(42)
cfn=(120)
calls=2 -73 
* 128
* 2
cfi=(42)
cfn=(120)
calls=1 -73 
* 125
* 6
+8 4
+9 3
+3 1
-3 9
+1 7
+8 2
+4 2
-4 2
+4 3
cfi=(44)
cfn=(126)
calls=1 -95 
* 19
+1 2
+1 1
+4 1
+1 2
+1 1
-20 2
+19 1
+1 1
-20 3
-1 8
+47 4
-3 1
+7 1
-7 1
+7 1
fi=(28)
56 1
cfi=(27)
cfn=(76)
calls=1 -20 
* 18
fe=(39)
193 2
fi=(28)
56 1
fe=(39)
193 1
-9 1
fi=(41)
43 1
fe=(39)
+36 1
200 1
-16 1
+17 1
79 1
fi=(41)
-34 1
fe=(39)
201 1
fi=(41)
77 1
+1 1
fe=(39)
201 3
fi=(41)
79 1
fe=(39)
-3 2
cfi=(42)
cfn=(120)
calls=1 -25 
* 22
* 2
fi=(41)
-33 1
+2 1
fe=(39)
+34 2
fi=(41)
-36 1
+34 2
+1 2
+1 1
fe=(39)
-1 2
+1 4
+7 2
-7 8
cfi=(29)
cfn=(128)
calls=2 197 
* 26
+4 2
+2 2
+2 2
-2 4
-9 4
cfi=(42)
cfn=(120)
calls=2 -25 
* 128
* 2
cfi=(42)
cfn=(120)
calls=1 -25 
* 125
* 6
212 2
-5 2
+1 1
+4 1
+3 9

fl=(70)
fn=(520)
508 1
+1 4
-1 1
+3 1
-3 1
+3 1
cfi=(144)
cfn=(522)
calls=1 117 
* 6
+7 1
-6 1
+4 1
+2 1

fn=(236) _dl_cache_libcmp
340 10
+1 10
-1 10
+1 20
+22 102
+2 102
-12 43
+16 43
+1 43
-29 86
+4 53
-2 106
+2 53
-2 106
+2 4
+6 2
+2 2
-2 2
+1 2
-1 2
+1 2
+1 6
+2 8
+2 4
-16 6
+32 6
-7 24

fn=(230)
386 10
+2 2
+3 3
+74 3
206 3
468 2
199 2
332 3
206 6
+2 40
+1 8
-23 8
+23 8
+4 16
+4 24
cfn=(236)
calls=8 340 
* 625
+1 16
329 7
+1 4
206 8
499 7
228 1
+3 2
+2 4
cfn=(236)
calls=1 340 
* 78
* 2
-7 3
+9 6
fi=(207) ./elf/../sysdeps/x86/dl-isa-level.h
28 6
fe=(70)
325 5
-80 4
+4 4
+1 3
cfn=(236)
calls=1 +90 
* 154
* 2
+5 6
+1 4
+16 1
fi=(71) ./elf/../sysdeps/generic/dl-cache.h
125 1
fe=(70)
272 4
+9 2
+5 2
+27 2
483 2
+12 2
cfi=(22)
cfn=(60)
calls=1 57 
* 35
+1 1
-1 1
+1 10
+1 1
-1 1
+1 1
-1 1
+1 1
cfi=(29)
cfn=(80)
calls=1 210 
* 19
* 1
+1 1
cfi=(46)
cfn=(140)
calls=1 40 
* 91
+1 8
-3 2
394 4
cfi=(55)
cfn=(232)
calls=1 36 
* 103
* 1
+8 5
+1 8
+3 3
+1 1
-1 4
fi=(71)
194 1
+1 5
fe=(70)
414 1
+1 2

fl=(11)
fn=(28)
435 33
+3 66
-3 33
+3 165
+9 30
-9 60
+19 21
+7 99
+2 33
-19 12
+1 12
+9 6

fn=(22) __GI___tunables_init
294 1
+6 3
-6 1
+10 2
-10 3
-39 1
+39 1
+10 1
-10 2
+10 1
-10 3
+10 28
+2 1
43 110
+6 21
-3 21
+3 1652
+4 42
+4 21
fi=(12) ./elf/./elf/dl-tunables.h
161 62
fe=(11)
+27 21
319 84
+1 21
+2 63
-3 672
+1 168
+2 504
-5 588
fi=(12)
160 200
+1 800
-1 55
fe=(11)
337 6
+6 27
-3 27
+12 8

fn=(58)
162 6
-89 6
+89 18
-89 48
+21 6
-11 6
+12 6
-1 18
+1 24
+4 12
+2 12
+4 6
-4 12
+11 12
+1 12
+3 12
+1 6
+1 6
+1 6
+47 6

fl=(61)
fn=(240)
33 1
+1 3
+9 2

fn=(194)
60 2
-26 6
+26 6
-26 2
+36 1
-33 6
cfi=(11)
cfn=(28)
calls=1 435 
* 18
* 6
+5 1
+28 3

fl=(15)
fn=(34) _dl_x86_init_cpu_features
37 1
+2 3
+2 1
cfi=(16)
cfn=(36)
calls=1 728 
* 7121

fn=(478)
76 1
-37 3
+37 2

fl=(9)
fn=(18) _dl_sysdep_parse_arguments
78 1
+2 1
-2 7
+1 1
+1 1
-1 1
+2 3
+2 3
-1 1
+1 2
-1 20
+1 40
+7 56
fi=(10) ./elf/../sysdeps/unix/sysv/linux/dl-parse_auxv.h
-48 1
fe=(9)
+44 1
fi=(10)
-53 1
fe=(9)
+53 1
fi=(10)
-53 1
+1 1
+1 1
+7 3
+1 44
+1 22
-2 22
+2 22
-2 66
+13 1
+10 1
fe=(9)
+29 1
fi=(10)
-27 1
fe=(9)
+26 1
+2 1
fi=(10)
-40 1
+2 1
fe=(9)
+37 1
fi=(10)
-47 1
+10 1
+8 1
-17 1
+1 1
+16 1
-15 1
+1 1
+14 1
+2 1
-15 1
+1 1
+1 2
+13 3
-18 1
+6 1
-5 1
+5 1
+2 1
-6 1
+6 1
fe=(9)
+37 1
fi=(10)
-42 1
-4 1
+5 1
+1 1
-8 1
+21 1
-20 1
+18 1
fe=(9)
+28 1
+1 1
+1 1
+1 8

fn=(16)
102 5
+4 1
-4 1
+1 1
+3 1
cfn=(18)
calls=1 -28 
* 376
+4 2
cfi=(11)
cfn=(22)
calls=1 294 
* 5221
+3 1
cfi=(13)
cfn=(26)
calls=1 289 
* 32
+2 2
cfi=(14)
cfn=(30)
calls=1 -79 
* 8
fi=(6)
+94 1
cfi=(15)
cfn=(34)
calls=1 37 
* 7126
fe=(9)
-87 3
+1 1
cfi=(22)
cfn=(60)
calls=1 -66 
* 17
* 1
+2 2
cfi=(23)
cfn=(62)
calls=1 -88 
* 13
* 3
+12 3
+3 5
cfi=(2)
cfn=(64)
calls=1 1356 
* 104003
+3 4

fn=(516)
147 1
+1 1

fl=(82)
fn=(300) check_match
70 182
+3 728
+13 455
-16 819
+19 337
cfi=(34)
cfn=(98)
calls=31 +9 
* 1820
* 62
+4 182
+1 182
+4 176
+4 176
+1 792
+1 440
cfi=(34)
cfn=(98)
calls=88 -6 
* 4529
* 176
+54 88
-54 176
+55 637
-1 3
-17 6
+2 6
+1 3
-1 6
+1 9
-1 6

fn=(294)
767 1152
fi=(83) ./elf/../sysdeps/generic/dl-new-hash.h
74 96
fe=(82)
767 288
fi=(83)
77 192
-8 96
+1 192
+10 96
+1 192
-1 613
+1 1226
+20 664
-2 664
+6 664
-3 1328
+2 664
-30 664
+3 1328
fe=(82)
769 96
+1 96
+3 96
-4 96
+1 96
+7 368
+5 192
-2 192
+6 288
-15 288
+15 793
+1 1344
cfn=(298) do_lookup_x
calls=96 344 
* 36918
* 288
+5 384
+23 91
+1 526
+7 91
-7 91
+35 364
+14 273
+3 182
+17 182
+2 864
fi=(83)
87 45
+1 45
+1 90
+1 45
fe=(82)
794 35
+17 5
+1 10
+54 2

fn=(298)
344 1440
+6 96
+59 96
-58 96
fi=(84) ./elf/../sysdeps/generic/dl-protected.h
29 96
fe=(82)
409 96
fi=(84)
29 96
fe=(82)
409 672
-26 628
+4 628
+6 942
+8 314
-4 314
+1 314
+3 1256
+1 628
+3 314
-3 314
+4 628
+7 314
-3 628
-2 314
+5 942
+3 2198
+99 669
355 942
+3 628
+4 628
518 10
fi=(4)
151 182
+1 273
fe=(82)
473 182
fi=(84)
29 182
fe=(82)
480 704
+16 182
+1 91
+1 91
+21 768
-99 273
-1 182
+2 182
+2 91
+6 273
-6 91
+6 728
+7 342
-10 1025
+2 91
+1 273
-1 91
+1 182
-1 91
+1 273
+1 91
-1 91
+1 91
-1 546
cfn=(300)
calls=91 70 
* 11996
+4 1001
+51 18

ob=(5)
fl=(168)
fn=(650)
0 6
cfn=(654) 0x0000000000601040
calls=1 0 
0 4
0 3

fn=(654)
0 4

fn=(572) 0x00000000006010e0
0 11

fn=(560)
0 12
cob=(2)
cfi=(169) ./csu/../csu/libc-start.c
cfn=(562) __libc_start_main@@GLIBC_2.34
calls=1 242 
0 27636335

fl=(175) /tmp/avx2_opt_bench/add.cpp
fn=(590) main
115 11
+1 4
+4 1
-2 5
fi=(208) /usr/include/x86_64-linux-gnu/bits/unistd.h
-86 4
fe=(175)
+86 4
fi=(208)
-86 2
cob=(3)
cfi=(156)
cfn=(592) 0x0000000000600070
calls=1 -32 
* 35
fe=(175)
+86 5
fi=(208)
-86 4
fe=(175)
+86 4
fi=(208)
-86 2
cob=(3)
cfi=(156)
cfn=(592)
calls=1 -32 
* 741
fe=(175)
+87 4
fi=(181) /usr/include/x86_64-linux-gnu/bits/string_fortified.h
-60 5
cob=(3)
cfi=(156)
cfn=(612) 0x00000000006000a0
calls=1 -59 
* 830
fe=(175)
+64 1
+3 1
-1 1
+1 2
+1 2
+1 36
+5 2
fi=(183) /usr/lib/gcc/x86_64-linux-gnu/15/include/avx2intrin.h
261 2
fe=(175)
133 1
-3 1
fi=(183)
261 1
fi=(185) /usr/lib/gcc/x86_64-linux-gnu/15/include/emmintrin.h
1109 3
1378 1
fi=(183)
261 1
fi=(185)
1378 1
1109 1
1378 2
fe=(175)
134 1759999
+1 960000
fi=(209) /usr/lib/gcc/x86_64-linux-gnu/15/include/avxintrin.h
873 160000
fi=(183)
261 160000
435 160000
fe=(175)
87 320000
fi=(184) /usr/lib/gcc/x86_64-linux-gnu/15/include/bmiintrin.h
+31 160000
fe=(175)
-31 160000
+50 320000
+1 160000
-1 160000
+1 1280000
+1 1120000
fi=(209)
873 160000
fi=(183)
261 160000
435 160000
fe=(175)
87 320000
fi=(184)
+31 160000
fe=(175)
+23 320000
+2 320000
fi=(185)
707 160000
1109 160000
1330 160000
1109 480000
1330 160000
+48 160000
1109 160000
fi=(210) /usr/lib/gcc/x86_64-linux-gnu/15/include/smmintrin.h
181 160000
fe=(175)
-35 320000
fi=(185)
701 142434
1318 284868
fe=(175)
146 142434
fi=(211) /usr/lib/gcc/x86_64-linux-gnu/15/include/tmmintrin.h
-32 142434
fi=(185)
1007 142434
238 142434
fe=(175)
66 142434
fi=(185)
707 142434
1109 142434
1330 142434
1109 427302
1330 142434
+48 142434
1109 142434
fi=(210)
181 142434
fe=(175)
-33 284868
fi=(185)
707 17566
1109 17566
1330 17566
1109 52698
1330 17566
+48 17566
1109 17566
fi=(210)
181 17566
fe=(175)
-33 35132
fi=(185)
1318 142140
701 142140
fe=(175)
148 142140
fi=(185)
1318 142140
fi=(211)
114 142140
fi=(185)
1007 142140
238 142140
fe=(175)
66 142140
+88 284280
+4 203784
+1 50706
+5 50706
+2 50706
fi=(186) /usr/lib/gcc/x86_64-linux-gnu/15/include/lzcntintrin.h
66 20154
fe=(175)
168 60462
+2 60462
+1 20154
-2 20154
+7 20154
-5 20154
+5 20154
-7 20154
+7 60462
69 40308
173 20154
-2 20154
fi=(185)
596 20154
1318 20154
fe=(175)
171 20154
+9 20154
fi=(185)
1318 20154
1061 20154
1252 20154
+66 20154
1061 40308
1318 40308
1061 40308
-24 20154
+24 20154
1378 20154
1061 40308
1324 20154
-6 20154
+12 20154
596 20154
743 20154
1252 20154
+66 40308
1037 20154
1378 20154
1061 40308
1324 20154
-6 20154
+12 20154
743 20154
fi=(209)
873 20154
fe=(175)
178 40308
fi=(209)
879 20154
fe=(175)
180 20154
-10 218108
+1 109054
-2 109054
+7 109054
-5 109054
+5 109054
-7 109054
+7 327162
69 218108
173 109054
-2 109054
fi=(185)
596 109054
1318 109054
fe=(175)
171 109054
+9 109054
fi=(185)
1318 109054
1061 109054
1252 109054
+66 109054
1061 218108
1318 218108
1061 218108
-24 109054
+24 109054
1378 109054
1061 218108
1324 109054
-6 109054
+12 109054
596 109054
743 109054
1252 109054
+66 218108
1037 109054
1378 109054
1061 218108
1324 109054
-6 109054
+12 109054
743 109054
fi=(209)
873 109054
fe=(175)
178 218108
fi=(209)
879 109054
fe=(175)
180 109054
-47 436216
+36 20374
+7 20374
-5 20374
+5 20374
-7 20374
+7 61122
69 40748
173 20374
-2 20374
fi=(185)
596 20374
1318 20374
fe=(175)
171 20374
+9 20374
fi=(185)
1318 20374
1061 20374
1252 20374
+66 20374
1061 40748
1318 40748
1061 40748
-24 20374
+24 20374
1378 20374
1061 40748
1324 20374
-6 20374
+12 20374
596 20374
743 20374
1252 20374
+66 40748
1037 20374
1378 20374
1061 40748
1324 20374
-6 20374
+12 20374
743 20374
fi=(209)
873 20374
fe=(175)
178 40748
fi=(209)
879 20374
fe=(175)
180 20374
-47 81496
-64 20836
173 10418
-2 10418
fi=(185)
596 10418
1318 10418
fe=(175)
171 10418
+9 10418
fi=(185)
1318 10418
1061 10418
1252 10418
+66 10418
1061 20836
1318 20836
1061 20836
-24 10418
+24 10418
1378 10418
1061 20836
1324 10418
-6 10418
+12 10418
596 10418
743 10418
1252 10418
+66 20836
1037 10418
1378 10418
1061 20836
1324 10418
-6 10418
+12 10418
743 10418
fi=(209)
873 10418
fe=(175)
178 20836
fi=(209)
879 10418
fe=(175)
180 10418
-47 122288
+98 3
+1 2
-1 3
+4 1
-3 2
+1 6
cob=(3)
cfi=(156)
cfn=(630) 0x0000000000600080
calls=1 0 
* 750
+1 2
+4 12
fi=(185)
707 17860
fe=(175)
149 17860
fi=(185)
1318 17860
701 17860
1109 17860
1330 17860
+48 17860
1109 17860
1318 35720
fi=(211)
114 17860
fi=(185)
1007 17860
238 17860
fi=(211)
114 17860
fi=(185)
1007 17860
fe=(175)
66 17860
fi=(185)
238 17860
fe=(175)
58 17860
+91 17860
+5 35720
+1 654324
+11 218108
fi=(186)
66 86803
fe=(175)
+99 173606
+2 218108
fi=(185)
707 17566
fe=(175)
147 17566
fi=(185)
1318 17566
701 17566
1109 17566
1330 17566
+48 17566
1109 17566
1318 35132
fi=(211)
114 17566
fi=(185)
1007 17566
238 17566
fi=(211)
114 17566
fi=(185)
1007 17566
fe=(175)
66 17566
fi=(185)
238 17566
fe=(175)
-91 17566
-89 17566
+89 35132
+14 51186
+3 25593
+2 51186
fi=(186)
66 20374
fe=(175)
168 20374
+2 20374
-2 40748
+2 40748
+1 40748
fi=(186)
66 22251
fe=(175)
166 66753
fi=(186)
66 5199
fe=(175)
168 5199
+8 5199
-8 5199
+8 5199
-8 5199
+8 15597
fi=(186)
66 5219
fe=(175)
168 5219
+8 10438
-8 5219
+8 5219
-8 5219
+8 15657
-8 218108
+2 218108

ob=(2)
fl=(151)
fn=(496)
34 8
+2 1
cfi=(152) ./ctype/./ctype/ctype-info.c
cfn=(498) __ctype_init
calls=1 +1 
* 17
+3 1
fi=(154) ./elf/../sysdeps/nptl/pthread_early_init.h
-6 2
fe=(151)
+6 1
+3 2
fi=(154)
-9 1
cfi=(153) ./resource/../sysdeps/unix/sysv/linux/getrlimit64.c
cfn=(500) getrlimit
calls=1 +5 
* 10
* 3
+1 1
+4 5
+7 1
fi=(212) ./elf/../nptl/nptl-stack.h
+16 3
fi=(154)
-16 1
fi=(212)
+16 2
fi=(154)
-7 1
fi=(212)
+7 2
fi=(154)
-9 1
-6 1
+2 2
+4 4
+1 1
+3 1
cfi=(155) ./nptl/./nptl/pthread_mutex_conf.c
cfn=(504) __pthread_tunables_init
calls=1 -1 
* 84
fe=(151)
-9 2
cfi=(157) ./stdlib/../sysdeps/unix/sysv/linux/getrandom.c
cfn=(508) __getrandom_early_init
calls=1 238 
* 18
+3 3
+1 2
-1 1
cfi=(158) ./malloc/./malloc/arena.c
cfn=(510) __ptmalloc_init
calls=1 251 
* 1086

fl=(111)
fn=(378)
31 1
fi=(116) ./string/../sysdeps/x86_64/multiarch/ifunc-strcasecmp.h
+5 1
+1 4
fi=(117) ./string/../sysdeps/x86_64/multiarch/strcasecmp.c
-6 2
fi=(116)
+7 3
+4 4
+3 3
+3 4
fe=(111)

fn=(368)
31 1
fi=(112) ./string/../sysdeps/x86_64/multiarch/ifunc-strncpy.h
+4 5
+1 3
+4 4
+3 3
+3 5
fe=(111)

fl=(100)
fn=(342)
31 1
fi=(101) ./wcsmbs/../sysdeps/x86_64/multiarch/ifunc-wcs.h
+8 2
+1 4
+1 3
+4 2
+3 4
fe=(100)
-17 2

fl=(113)
fn=(372)
31 2
fi=(114) ./wcsmbs/../sysdeps/x86_64/multiarch/ifunc-evex.h
+6 6
+1 8
+1 6
+4 4
+8 6
+3 8
fe=(113)
-23 2

fl=(91)
fn=(318)
30 1
fi=(92) ./wcsmbs/../sysdeps/x86_64/multiarch/ifunc-wcslen.h
+10 1
+1 4
+1 3
+4 4
+3 3
+3 3
fe=(91)
-22 1

fl=(172) ./setjmp/../sysdeps/x86_64/bsd-_setjmp.S
fn=(584) _setjmp
28 1
+2 1
+2 1
cfi=(173) ./setjmp/../sysdeps/x86_64/setjmp.S
cfn=(586) __sigsetjmp
calls=1 -1 
* 28

fl=(197) ./libio/./libio/genops.c
fn=(688) _IO_cleanup
882 11
+1 1
cfn=(690) _IO_flush_all
calls=1 713 
* 204
-73 2
+73 1
-73 3
cfi=(198) ./nptl/./nptl/libc-cleanup.c
cfn=(692) __libc_cleanup_push_defer
calls=1 24 
* 13
+1 6
fi=(199) ./libio/./libio/libioP.h
1037 2
fe=(197)
832 9
+2 6
+20 3
+2 36
+1 3
-43 9
+4 3
+1 27
+8 6
+2 9
+32 2
+1 2
cfi=(198)
cfn=(694) __libc_cleanup_pop_restore
calls=1 54 
* 10
+33 11
-76 9
-8 1
+3 1
-3 1
+3 2
+47 6

fn=(690)
713 5
+5 1
-5 6
+5 4
cfi=(198)
cfn=(692)
calls=1 24 
* 13
+1 6
-5 1
fi=(199)
1037 2
fe=(197)
742 39
+1 3
-21 9
+2 3
+1 27
+2 18
+7 9
+1 12
+12 2
+1 2
cfi=(198)
cfn=(694)
calls=1 54 
* 10
+4 11
-27 9
-6 1
+3 1
-8 1
+5 1
+3 2
+25 6

fl=(142)
fn=(454)
33 1
fi=(103) ./string/../sysdeps/x86_64/multiarch/ifunc-memmove.h
+23 3
+1 2
+3 3
+14 2
+3 2
+8 2
+8 2
+3 5
fe=(142)

fl=(90)
fn=(316)
79 1
-32 1
+1 1
+1 1
-1 3
+1 2
+4 4
+3 3
+3 3
+20 1

fl=(104)
fn=(350)
31 2
fi=(105) ./wcsmbs/../sysdeps/x86_64/multiarch/ifunc-avx2.h
+7 6
+2 8
+1 4
+1 6
+4 8
+3 6
+3 10
fe=(104)

fl=(140)
fn=(448)
29 1
fi=(213) ./string/../sysdeps/x86_64/multiarch/ifunc-sse4_2.h
+7 5
fe=(140)
-7 1

fl=(200) ./posix/../sysdeps/unix/sysv/linux/_exit.c
fn=(698) _Exit
27 3

fl=(166)
fn=(554)
545 1
+1 4
+1 3
+1 3
+2 1

fl=(155)
fn=(504)
55 2
+1 1
-1 2
+1 1
-1 1
+1 4
cob=(3)
cfi=(156)
cfn=(506) 0x0000000004886710
calls=1 -56 
* 20
+2 4
cob=(3)
cfi=(156)
cfn=(506)
calls=1 -58 
* 19
+2 4
cob=(3)
cfi=(156)
cfn=(506)
calls=1 -60 
* 20
+2 6

fl=(95)
fn=(326)
29 1
fi=(92)
+11 1
+1 4
+1 3
+4 4
+3 3
+3 3
fe=(95)
-23 1

fl=(189) ./stdlib/./stdlib/cxa_thread_atexit_impl.c
fn=(640) __call_tls_dtors
148 4
+1 1
-1 1
+1 3
+16 4

fl=(115)
fn=(376)
67 1
-24 1
+1 4
+23 2
-22 3
+4 4
+3 3
+3 4

fl=(188) ./stdlib/./stdlib/exit.c
fn=(638) __run_exit_handlers
45 12
+2 9
+3 2
+3 7
+11 1
+2 2
+8 3
+2 1
+1 1
-1 1
+3 7
+44 3
-49 3
+55 2
+1 2
+6 1
-66 1
+66 3
+2 2
+3 2
cfi=(200)
cfn=(698)
calls=1 27 
* 3
-29 1
+1 1
-2 1
+3 1
+3 1
-3 2
+3 3
+1 3
cob=(1)
cfi=(190)
cfn=(642)
calls=1 -92 
* 852
+1 4
-68 1
cfi=(189)
cfn=(640)
calls=1 +97 
* 13
* 1
+88 1
cfi=(197)
cfn=(688)
calls=1 882 
* 399
* 1

fn=(636) exit
147 2
+1 3
-1 1
+1 1
cfn=(638)
calls=1 45 
* 1353

fl=(169)
fn=(562)
242 13
+69 2
+1 4
cfi=(170) ./stdlib/./stdlib/cxa_atexit.c
cfn=(564) __cxa_atexit
calls=1 67 
* 70
+25 6
+6 2
-3 2
+10 2
cob=(3)
cfi=(156)
cfn=(578) 0x0000000004886790
calls=1 0 
* 7
+2 2
+8 4
cfi=(171) ./csu/../sysdeps/nptl/libc_start_call_main.h
cfn=(582) (below main)
calls=1 30 
* 27636168
128 2
+6 3
+1 6
cob=(3)
cfi=(156)
cfn=(568) 0x0000000000600000
calls=1 0 
* 7
* 1
+3 1
+1 2
+3 3
+2 2
-1 7
+2 4
cob=(5)
cfi=(168)
cfn=(572)
calls=1 0 
* 11
-1 4

fl=(191)
fn=(644)
71 1
+3 1
+2 1
+2 3
-7 3
+10 1
+2 2
+75 1
+2 1
+3 1
-59 1
+62 2
-76 2
+5 2
-51 1
+1 7
+1 3
+64 3
+1 2

fl=(130)
fn=(416)
31 1
fi=(101)
+8 2
+1 4
+1 3
+4 2
+3 4
fe=(130)
-17 2

fl=(109)
fn=(360)
28 1
fi=(88) ./string/../sysdeps/x86_64/multiarch/ifunc-avx2.h
+10 3
+2 4
+1 2
+1 3
+4 4
+3 3
+3 5
fe=(109)

fl=(119)
fn=(386)
60 1
-18 2
+1 4
+1 3
+3 3
+3 3
+10 1

fl=(157)
fn=(508)
238 7
+3 6
+37 5

fl=(102)
fn=(346)
29 1
fi=(103)
+27 3
+1 2
+3 3
+14 2
+3 2
+8 2
+8 2
+3 5
fe=(102)

fl=(138)
fn=(444)
29 1
fi=(139) ./string/../sysdeps/x86_64/multiarch/ifunc-evex.h
+8 3
+1 4
+1 3
+4 2
+8 3
+3 4
fe=(138)
-25 1

fl=(163)
fn=(546)
46 5
+5 2
+4 5
+8 1
-2 1
+10 1
-9 1
+1 1
+9 1
-1 1
cfi=(164) ./misc/./misc/init-misc.c
cfn=(548) __init_misc
calls=1 -41 
* 50

fl=(89)
fn=(314)
29 1
fi=(213)
+7 5
fe=(89)
-7 1

fl=(93)
fn=(322)
29 1
fi=(94) ./string/../sysdeps/x86_64/multiarch/ifunc-memset.h
+32 5
+3 3
+16 2
+4 4
+8 2
fe=(93)
-63 1
fi=(94)
+71 2
-48 1
+1 2
fe=(93)

fl=(132)
fn=(424)
29 1
fi=(112)
+6 5
+1 3
+4 4
+3 3
+3 5
fe=(132)

fl=(173)
fn=(586)
31 1
+2 1
+9 1
+1 2
+1 1
+4 1
+1 1
+1 1
+1 1
+1 1
+2 2
+2 1
+1 1
+1 1
+2 2
+2 1
+5 1
+1 1
+17 1
cfi=(174) ./setjmp/./setjmp/sigjmp.c
cfn=(588) __sigjmp_save
calls=1 -57 
* 6

fl=(133)
fn=(428)
29 1
fi=(134) ./wcsmbs/../sysdeps/x86_64/multiarch/ifunc-memcmp.h
+5 7
fe=(133)
-5 2
fi=(134)
+6 2
+2 3
+4 2
+3 3
+3 5
fe=(133)

fl=(124)
fn=(400)
29 1
fi=(125) ./string/../sysdeps/x86_64/multiarch/ifunc-memcmp.h
+5 7
fe=(124)
-5 2
fi=(125)
+6 2
+2 3
+4 2
+3 3
+3 5
fe=(124)

fl=(167)
fn=(556)
64 1
+3 3
-1 2
+3 1
-1 1
-1 3
+2 2
-1 2
-1 6
+3 1

fl=(96)
fn=(330)
29 1
fi=(97) ./debug/../sysdeps/x86_64/multiarch/ifunc-memmove.h
+27 3
+1 2
+3 3
+14 2
+3 2
+8 2
+8 2
+3 5
fe=(96)

fl=(131)
fn=(420)
29 1
fi=(88)
+9 3
+2 4
+1 2
+1 3
+4 4
+3 3
+3 5
fe=(131)

fl=(110)
fn=(364)
30 1
fi=(105)
+8 3
+2 4
+1 2
+1 3
+4 4
+3 3
+3 5
fe=(110)

fl=(164)
fn=(548)
30 1
+1 5
-1 1
+3 1
-3 3
+3 3
cob=(3)
cfi=(156)
cfn=(550) 0x0000000004886650
calls=1 -33 
* 24
+4 1
+1 1
-1 5
+1 3
+2 2

fl=(118)
fn=(384)
29 1
fi=(213)
+7 5
fe=(118)
-7 1

fl=(198)
fn=(692)
24 2
+1 2
+2 4
+2 4
+3 4
+14 6
+2 2
+1 2

fn=(694)
54 2
+1 2
+2 4
+2 4
+1 6
+11 2

fl=(135)
fn=(432)
29 1
fi=(97)
+27 3
+1 2
+3 3
+14 2
+3 2
+8 2
+8 2
+3 5
fe=(135)

fl=(180) ./nptl/./nptl/cancellation.c
fn=(608) __syscall_cancel
74 15
-37 6
+1 6
+2 9
+39 6
+1 9

fl=(126)
fn=(404)
31 2
fi=(127) ./wcsmbs/../sysdeps/x86_64/multiarch/ifunc-wmemset.h
+5 10
+1 6
+3 4
+8 6
+3 8
fe=(126)
-20 2

fl=(143)
fn=(458)
31 1
fi=(116)
+5 1
+1 4
fe=(143)
-6 2
fi=(116)
+7 3
+4 4
+3 3
+3 4
fe=(143)

fl=(85)
fn=(306)
86 1
fi=(86) ./string/../sysdeps/x86/cacheinfo.h
-24 1
+3 3
+2 1
+1 1
-1 2
+7 3
+2 1
+1 1
-1 2
+5 2
+3 2
+2 2
+1 2
+1 2
+2 2
fe=(85)
-4 2

fl=(160) ???
fn=(514) __popcountdi2
0 21

fl=(192)
fn=(646)
357 1
51 1
+1 2
357 3
55 2
+8 1
-3 1
-21 1
+1 4
+1 1
+27 1
+2 1
359 2
72 2
+3 3
+3 2

fl=(182) ./string/../sysdeps/x86_64/multiarch/memset-vec-unaligned-erms.S
fn=(616) __memset_chk_avx2_unaligned_erms
192 1
+1 1
+1 5
+4 1
+1 2
+5 1
+1 1
+1 1
+1 1
+1 1
+13 1
+1 1
+2 2
+5 1
+1 1
+6 1
+1 1
+12 1
+3 1
+1 1

fl=(98)
fn=(334)
29 1
fi=(97)
+27 3
+1 2
+3 3
+14 2
+3 2
+8 2
+8 2
+3 5
fe=(98)

fl=(158)
fn=(510)
251 2
fi=(214) ./malloc/../sysdeps/unix/sysv/linux/not-cancel.h
96 3
fe=(158)
251 4
fi=(214)
96 4
fi=(159) ./malloc/./malloc/malloc.c
2960 2
+14 1
+2 2
-1 1
cfi=(160)
cfn=(514)
calls=1 0 
* 21
+1 3
fe=(158)
275 2
+13 4
fi=(159)
1853 4
+3 1
-3 1
+3 2
-3 2
+3 126
-3 126
+3 252
-3 252
+11 1
fe=(158)
292 3
fi=(159)
1864 1
fe=(158)
292 1
cob=(3)
cfi=(156)
cfn=(506)
calls=1 0 
* 19
+1 4
cob=(3)
cfi=(156)
cfn=(506)
calls=1 0 
* 20
+1 4
cob=(3)
cfi=(156)
cfn=(506)
calls=1 0 
* 19
+1 4
cob=(3)
cfi=(156)
cfn=(506)
calls=1 0 
* 19
+1 4
cob=(3)
cfi=(156)
cfn=(506)
calls=1 0 
* 20
+1 4
cob=(3)
cfi=(156)
cfn=(506)
calls=1 0 
* 19
+1 4
cob=(3)
cfi=(156)
cfn=(506)
calls=1 0 
* 19
+2 4
cob=(3)
cfi=(156)
cfn=(506)
calls=1 0 
* 19
+1 4
cob=(3)
cfi=(156)
cfn=(506)
calls=1 0 
* 19
+1 4
cob=(3)
cfi=(156)
cfn=(506)
calls=1 0 
* 19
+3 4
cob=(3)
cfi=(156)
cfn=(506)
calls=1 0 
* 19
+2 4
+10 8
fi=(159)
2974 2
fe=(158)

fl=(170)
fn=(564)
67 7
-26 2
+2 8
+1 2
cfn=(566) __new_exitfn
calls=1 +36 
* 30
+2 2
+6 1
+5 1
-3 1
+1 1
-3 1
+4 1
-4 1
+1 1
+4 4
+1 1
+11 6

fn=(566)
80 1
+6 2
-6 4
+11 1
-10 1
+10 4
+2 4
-2 1
+10 1
-10 3
+45 1
+5 1
-4 1
+4 2
-18 1
-1 1
+12 1

fl=(178) ./debug/./debug/read_chk.c
fn=(604) __read_chk
22 2
+1 4
+3 2
cfi=(179) ./io/../sysdeps/unix/sysv/linux/read.c
cfn=(606) read
calls=2 -1 
* 58

fl=(120)
fn=(388)
29 1
fi=(121) ./string/../sysdeps/x86_64/multiarch/ifunc-strcpy.h
+9 2
+1 1
-1 2
+1 2
+4 4
+3 3
+3 3
fe=(120)
-20 1

fl=(128)
fn=(408)
29 1
fi=(121)
+9 2
+1 1
-1 2
+1 2
+4 4
+3 3
+3 3
fe=(128)
-20 1

fl=(122)
fn=(392)
31 1
fi=(116)
+5 1
+1 4
fe=(122)
-6 2
fi=(116)
+7 3
+4 4
+3 3
+3 4
fe=(122)

fl=(87)
fn=(310)
31 2
fi=(88)
+7 6
+2 8
+1 4
+1 6
+4 8
+3 6
+3 10
fe=(87)

fl=(129)
fn=(412)
31 1
fi=(116)
+5 1
+1 4
fe=(129)
-6 2
fi=(116)
+7 3
+4 4
+3 3
+3 4
fe=(129)

fl=(152)
fn=(498)
37 1
+2 7
+2 4
+2 1
-1 1
+1 1
-1 1
+2 1

fl=(136)
fn=(436)
33 1
fi=(121)
+5 2
+1 1
-1 2
+1 2
+4 4
+3 3
+3 3
fe=(136)
-16 1

fl=(174)
fn=(588)
28 1
+2 2
-1 1
+5 2

fl=(99)
fn=(338)
29 1
fi=(88)
+9 3
+2 4
+1 2
+1 3
+4 4
+3 3
+3 5
fe=(99)

fl=(141)
fn=(450)
31 1
fi=(101)
+8 2
+1 4
+1 3
+4 2
+3 4
fe=(141)
-17 2

fl=(137)
fn=(440)
29 1
fi=(103)
+27 3
+1 2
+3 3
+14 2
+3 2
+8 2
+8 2
+3 5
fe=(137)

fl=(194) ./stdlib/./stdlib/cxa_finalize.c
fn=(672) __cxa_finalize
45 2
+3 2
-3 8
+3 5
+3 4
+4 7
-4 3
+57 4
+4 6
-4 3
+12 2
cfi=(195) ./posix/./posix/register-atfork.c
cfn=(674) __unregister_atfork
calls=1 -38 
* 18
+1 4
+1 8

fl=(195)
fn=(674)
82 3
+1 2
-1 2
+1 2
fi=(196) ./posix/../malloc/dynarray-skeleton.c
243 1
fe=(195)
71 2
+38 4
+1 2

fl=(171)
fn=(582)
30 6
+15 4
cfi=(172)
cfn=(584)
calls=1 -17 
* 31
* 1
+2 2
+5 2
+1 2
+3 2
+3 5
cob=(5)
cfi=(175)
cfn=(590)
calls=1 +56 
* 27634751
+24 2
cfi=(188)
cfn=(636)
calls=1 +64 
* 1360

fl=(123)
fn=(396)
31 1
fi=(88)
+7 3
+2 4
+1 2
+1 3
+4 4
+3 3
+3 5
fe=(123)

fl=(107)
fn=(356)
29 2
fi=(108) ./debug/../sysdeps/x86_64/multiarch/ifunc-memset.h
+32 10
+3 6
+16 4
+4 8
+8 4
fe=(107)
-63 2
fi=(108)
+71 4
-48 2
+1 4
fe=(107)

fl=(187) ./io/../sysdeps/unix/sysv/linux/write.c
fn=(634) write
25 2
+1 4
-1 1
+1 3
cfi=(180)
cfn=(608)
calls=1 +48 
* 17
+1 2

fl=(165) ./string/../sysdeps/x86_64/multiarch/strrchr-avx2.S
fn=(552) __strrchr_avx2
53 1
+1 1
+1 1
+2 1
+1 1
+4 1
+1 1
+1 1
+3 1
+2 1
+1 1
+1 1
+1 1
+3 1
+1 1
+2 1
+1 1
+1 1
+1 1
+1 1
+9 2

fl=(179)
fn=(606)
25 4
+1 8
-1 2
+1 6
cfi=(180)
cfn=(608)
calls=2 +48 
* 34
+1 4

fl=(153)
fn=(500)
38 2
+1 7
+1 1

fl=(106)
fn=(354)
65 1
-23 2
+2 1
-1 4
+1 2
+4 4
+3 3
+3 3
+11 1

ob=(4)
fl=(162)
fn=(680) 0x0000000000001060
0 5

fn=(540)
0 12

fn=(664)
0 9
cob=(3)
cfi=(156)
cfn=(670) 0x0000000004842030
calls=1 0 
0 78
0 1
cfn=(680)
calls=1 0 
0 5
0 3

ob=(3)
fl=(156)
fn=(592)
0 4
cob=(2)
cfi=(178)
cfn=(604)
calls=2 22 
0 66
cob=(1)
cfi=(176)
cfn=(598)
calls=1 39 
0 701
0 5

fn=(612)
0 2
cob=(2)
cfi=(182)
cfn=(616)
calls=1 192 
0 26
cob=(1)
cfi=(176)
cfn=(598)
calls=1 39 
0 797
0 5

fn=(670)
0 2
cob=(2)
cfi=(194)
cfn=(672)
calls=1 45 
0 76

fn=(568)
0 7

fn=(506)
0 28
cob=(1)
cfi=(11)
cfn=(28)
calls=14 435 
0 242

fn=(660)
0 4

fn=(536)
0 7

fn=(550)
0 2
cob=(2)
cfi=(165)
cfn=(552)
calls=1 53 
0 22

fn=(578)
0 2
cob=(1)
cfi=(51)
cfn=(580)
calls=1 118 
0 5

fn=(630)
0 2
cob=(2)
cfi=(187)
cfn=(634)
calls=1 25 
0 29
cob=(1)
cfi=(176)
cfn=(598)
calls=1 39 
0 714
0 5

fn=(686)
0 4

totals: 27754247
